<html>
<body>
<pre>
<h1>µVision Build Log</h1>
<h2>Tool Versions:</h2>
IDE-Version: µVision V5.38.0.0
Copyright (C) 2022 ARM Ltd and ARM Germany GmbH. All rights reserved.
License Information: a b, c, LIC=65ISZ-JRVSP-JJ86S-L19SK-LV2YD-421KW
 
Tool Versions:
Toolchain:       MDK-ARM Plus  Version: 5.38.0.0
Toolchain Path:  C:\tools\Keil_v5\ARM\ARMCLANG\Bin
C Compiler:      ArmClang.exe V6.19
Assembler:       Armasm.exe V6.19
Linker/Locator:  ArmLink.exe V6.19
Library Manager: ArmAr.exe V6.19
Hex Converter:   FromElf.exe V6.19
CPU DLL:         SARMCM3.DLL V5.38.0.0
Dialog DLL:      DCM.DLL V1.17.5.0
Target DLL:      UL2CM3.DLL V1.164.8.0
Dialog DLL:      TCM.DLL V1.56.4.0
 
<h2>Project:</h2>
C:\makarkin_work\Geehy\amp32e103\adc_uart\adc_uart.uvprojx
Project File Date:  05/02/2023

<h2>Output:</h2>
*** Using Compiler 'V6.19', folder: 'C:\tools\Keil_v5\ARM\ARMCLANG\Bin'
Build target 'Target 1'
linking...
Program Size: Code=3120 RO-data=372 RW-data=0 ZI-data=1632  
FromELF: creating hex file...
".\Objects\adc_uart.axf" - 0 Error(s), 0 Warning(s).

<h2>Software Packages used:</h2>

Package Vendor: ARM
                http://www.keil.com/pack/ARM.CMSIS.5.9.0.pack
                ARM.CMSIS.5.9.0
                CMSIS (Common Microcontroller Software Interface Standard)
   * Component: CORE Version: 5.6.0

Package Vendor: Geehy
                https://www.geehy.com/uploads/tool/Geehy.APM32F1xx_DFP.1.0.8.pack
                Geehy.APM32F1xx_DFP.1.0.8
                Geehy Semiconductor APM32F1 Series Device Support, Drivers and Examples
   * Component: Startup Version: 1.0.0
   * Component: DMA Version: 1.0.2
   * Component: EINT Version: 1.0.2
   * Component: Framework Version: 1.0.2
   * Component: GPIO Version: 1.0.2
   * Component: RCM Version: 1.0.2
   * Component: SPI Version: 1.0.2
   * Component: TMR Version: 1.0.2
   * Component: USART Version: 1.0.2

<h2>Collection of Component include folders:</h2>
  ./RTE/_Target_1
  C:/Users/makp3/AppData/Local/Arm/Packs/ARM/CMSIS/5.9.0/CMSIS/Core/Include
  C:/Users/makp3/AppData/Local/Arm/Packs/Geehy/APM32F1xx_DFP/1.0.8/Device/Device/Geehy/APM32F10x/Include
  C:/Users/makp3/AppData/Local/Arm/Packs/Geehy/APM32F1xx_DFP/1.0.8/Device/StdPeriphDriver/inc

<h2>Collection of Component Files used:</h2>

   * Component: ARM::CMSIS:CORE:5.6.0

   * Component: Geehy::Device:Startup:1.0.0
      Source file:   Device/Device/Geehy/APM32F10x/Source/system_apm32f10x.c
      Source file:   Device/Device/Geehy/APM32F10x/Source/arm/startup_apm32f10x_hd.s

   * Component: Geehy::Device:StdPeriph Drivers:DMA:1.0.2
      Source file:   Device/StdPeriphDriver/src/apm32f10x_dma.c
      Include file:  Device/StdPeriphDriver/inc/apm32f10x_dma.h

   * Component: Geehy::Device:StdPeriph Drivers:EINT:1.0.2
      Source file:   Device/StdPeriphDriver/src/apm32f10x_eint.c
      Include file:  Device/StdPeriphDriver/inc/apm32f10x_eint.h

   * Component: Geehy::Device:StdPeriph Drivers:Framework:1.0.2
      Source file:   Device/Templates/apm32f10x_int.c
      Include file:  Device/Templates/apm32f10x_int.h
      Source file:   Device/StdPeriphDriver/src/apm32f10x_misc.c
      Include file:  Device/StdPeriphDriver/inc/apm32f10x_misc.h

   * Component: Geehy::Device:StdPeriph Drivers:GPIO:1.0.2
      Include file:  Device/StdPeriphDriver/inc/apm32f10x_gpio.h
      Source file:   Device/StdPeriphDriver/src/apm32f10x_gpio.c

   * Component: Geehy::Device:StdPeriph Drivers:RCM:1.0.2
      Source file:   Device/StdPeriphDriver/src/apm32f10x_rcm.c
      Include file:  Device/StdPeriphDriver/inc/apm32f10x_rcm.h

   * Component: Geehy::Device:StdPeriph Drivers:SPI:1.0.2
      Include file:  Device/StdPeriphDriver/inc/apm32f10x_spi.h
      Source file:   Device/StdPeriphDriver/src/apm32f10x_spi.c

   * Component: Geehy::Device:StdPeriph Drivers:TMR:1.0.2
      Include file:  Device/StdPeriphDriver/inc/apm32f10x_tmr.h
      Source file:   Device/StdPeriphDriver/src/apm32f10x_tmr.c

   * Component: Geehy::Device:StdPeriph Drivers:USART:1.0.2
      Source file:   Device/StdPeriphDriver/src/apm32f10x_usart.c
      Include file:  Device/StdPeriphDriver/inc/apm32f10x_usart.h
Build Time Elapsed:  00:00:00
</pre>
</body>
</html>
