Component: Arm Compiler for Embedded 6.19 Tool: armlink [5e73cb00]

==============================================================================

Section Cross References

    main.o(.ARM.exidx.text.Delay) refers to main.o(.text.Delay) for [Anonymous Symbol]
    main.o(.text.init_LED) refers to apm32f10x_rcm.o(.text.RCM_EnableAPB2PeriphClock) for RCM_EnableAPB2PeriphClock
    main.o(.text.init_LED) refers to apm32f10x_gpio.o(.text.GPIO_Config) for GPIO_Config
    main.o(.ARM.exidx.text.init_LED) refers to main.o(.text.init_LED) for [Anonymous Symbol]
    main.o(.text.init_UART) refers to apm32f10x_rcm.o(.text.RCM_EnableAPB2PeriphClock) for RCM_EnableAPB2PeriphClock
    main.o(.text.init_UART) refers to apm32f10x_gpio.o(.text.GPIO_ConfigPinRemap) for GPIO_ConfigPinRemap
    main.o(.text.init_UART) refers to apm32f10x_gpio.o(.text.GPIO_Config) for GPIO_Config
    main.o(.ARM.exidx.text.init_UART) refers to main.o(.text.init_UART) for [Anonymous Symbol]
    main.o(.text.UART_config) refers to apm32f10x_usart.o(.text.USART_Config) for USART_Config
    main.o(.text.UART_config) refers to apm32f10x_usart.o(.text.USART_Enable) for USART_Enable
    main.o(.text.UART_config) refers to apm32f10x_usart.o(.text.USART_EnableTx) for USART_EnableTx
    main.o(.text.UART_config) refers to apm32f10x_usart.o(.text.USART_EnableRx) for USART_EnableRx
    main.o(.ARM.exidx.text.UART_config) refers to main.o(.text.UART_config) for [Anonymous Symbol]
    main.o(.ARM.exidx.text.uart_tx) refers to main.o(.text.uart_tx) for [Anonymous Symbol]
    main.o(.text.send_str) refers to main.o(.text.uart_tx) for uart_tx
    main.o(.ARM.exidx.text.send_str) refers to main.o(.text.send_str) for [Anonymous Symbol]
    main.o(.text.main) refers to main.o(.text.init_LED) for init_LED
    main.o(.text.main) refers to main.o(.text.init_UART) for init_UART
    main.o(.text.main) refers to main.o(.text.UART_config) for UART_config
    main.o(.text.main) refers to adc1282.o(.text.spi_init) for spi_init
    main.o(.text.main) refers to adc1282.o(.text.ADS1282_init) for ADS1282_init
    main.o(.text.main) refers to main.o(.rodata.str1.1) for .L.str
    main.o(.text.main) refers to main.o(.text.send_str) for send_str
    main.o(.text.main) refers to adc1282.o(.text.config_ads) for config_ads
    main.o(.ARM.exidx.text.main) refers to main.o(.text.main) for [Anonymous Symbol]
    adc1282.o(.text.init_GPIO) refers to apm32f10x_rcm.o(.text.RCM_EnableAPB2PeriphClock) for RCM_EnableAPB2PeriphClock
    adc1282.o(.text.init_GPIO) refers to apm32f10x_gpio.o(.text.GPIO_Config) for GPIO_Config
    adc1282.o(.ARM.exidx.text.init_GPIO) refers to adc1282.o(.text.init_GPIO) for [Anonymous Symbol]
    adc1282.o(.text.nPWDN_hith) refers to apm32f10x_gpio.o(.text.GPIO_SetBit) for GPIO_SetBit
    adc1282.o(.ARM.exidx.text.nPWDN_hith) refers to adc1282.o(.text.nPWDN_hith) for [Anonymous Symbol]
    adc1282.o(.text.nPWDN_low) refers to apm32f10x_gpio.o(.text.GPIO_ResetBit) for GPIO_ResetBit
    adc1282.o(.ARM.exidx.text.nPWDN_low) refers to adc1282.o(.text.nPWDN_low) for [Anonymous Symbol]
    adc1282.o(.text.nReset_low) refers to apm32f10x_gpio.o(.text.GPIO_SetBit) for GPIO_SetBit
    adc1282.o(.ARM.exidx.text.nReset_low) refers to adc1282.o(.text.nReset_low) for [Anonymous Symbol]
    adc1282.o(.text.nReset_hith) refers to apm32f10x_gpio.o(.text.GPIO_ResetBit) for GPIO_ResetBit
    adc1282.o(.ARM.exidx.text.nReset_hith) refers to adc1282.o(.text.nReset_hith) for [Anonymous Symbol]
    adc1282.o(.text.SYNC_low) refers to apm32f10x_gpio.o(.text.GPIO_SetBit) for GPIO_SetBit
    adc1282.o(.ARM.exidx.text.SYNC_low) refers to adc1282.o(.text.SYNC_low) for [Anonymous Symbol]
    adc1282.o(.text.SYNC_hith) refers to apm32f10x_gpio.o(.text.GPIO_ResetBit) for GPIO_ResetBit
    adc1282.o(.ARM.exidx.text.SYNC_hith) refers to adc1282.o(.text.SYNC_hith) for [Anonymous Symbol]
    adc1282.o(.text.CLK_low) refers to apm32f10x_gpio.o(.text.GPIO_SetBit) for GPIO_SetBit
    adc1282.o(.ARM.exidx.text.CLK_low) refers to adc1282.o(.text.CLK_low) for [Anonymous Symbol]
    adc1282.o(.text.CLK_hith) refers to apm32f10x_gpio.o(.text.GPIO_ResetBit) for GPIO_ResetBit
    adc1282.o(.ARM.exidx.text.CLK_hith) refers to adc1282.o(.text.CLK_hith) for [Anonymous Symbol]
    adc1282.o(.text.spi_init) refers to apm32f10x_rcm.o(.text.RCM_EnableAPB2PeriphClock) for RCM_EnableAPB2PeriphClock
    adc1282.o(.text.spi_init) refers to apm32f10x_gpio.o(.text.GPIO_Config) for GPIO_Config
    adc1282.o(.text.spi_init) refers to apm32f10x_spi.o(.text.SPI_Config) for SPI_Config
    adc1282.o(.text.spi_init) refers to apm32f10x_spi.o(.text.SPI_Enable) for SPI_Enable
    adc1282.o(.ARM.exidx.text.spi_init) refers to adc1282.o(.text.spi_init) for [Anonymous Symbol]
    adc1282.o(.text.ADS1282_init) refers to adc1282.o(.text.nPWDN_hith) for nPWDN_hith
    adc1282.o(.text.ADS1282_init) refers to adc1282.o(.text.nReset_low) for nReset_low
[...]
    Removing apm32f10x_dma.o(.text.DMA_Enable), (18 bytes).
    Removing apm32f10x_dma.o(.ARM.exidx.text.DMA_Enable), (8 bytes).
    Removing apm32f10x_dma.o(.text.DMA_Disable), (18 bytes).
    Removing apm32f10x_dma.o(.ARM.exidx.text.DMA_Disable), (8 bytes).
    Removing apm32f10x_dma.o(.text.DMA_ConfigDataNumber), (20 bytes).
    Removing apm32f10x_dma.o(.ARM.exidx.text.DMA_ConfigDataNumber), (8 bytes).
    Removing apm32f10x_dma.o(.text.DMA_ReadDataNumber), (14 bytes).
    Removing apm32f10x_dma.o(.ARM.exidx.text.DMA_ReadDataNumber), (8 bytes).
    Removing apm32f10x_dma.o(.text.DMA_EnableInterrupt), (20 bytes).
    Removing apm32f10x_dma.o(.ARM.exidx.text.DMA_EnableInterrupt), (8 bytes).
    Removing apm32f10x_dma.o(.text.DMA_DisableInterrupt), (20 bytes).
    Removing apm32f10x_dma.o(.ARM.exidx.text.DMA_DisableInterrupt), (8 bytes).
    Removing apm32f10x_dma.o(.text.DMA_ReadStatusFlag), (90 bytes).
    Removing apm32f10x_dma.o(.ARM.exidx.text.DMA_ReadStatusFlag), (8 bytes).
    Removing apm32f10x_dma.o(.text.DMA_ClearStatusFlag), (46 bytes).
    Removing apm32f10x_dma.o(.ARM.exidx.text.DMA_ClearStatusFlag), (8 bytes).
    Removing apm32f10x_dma.o(.text.DMA_ReadIntFlag), (90 bytes).
    Removing apm32f10x_dma.o(.ARM.exidx.text.DMA_ReadIntFlag), (8 bytes).
    Removing apm32f10x_dma.o(.text.DMA_ClearIntFlag), (46 bytes).
    Removing apm32f10x_dma.o(.ARM.exidx.text.DMA_ClearIntFlag), (8 bytes).
    Removing apm32f10x_eint.o(.text), (0 bytes).
    Removing apm32f10x_eint.o(.text.EINT_Reset), (62 bytes).
    Removing apm32f10x_eint.o(.ARM.exidx.text.EINT_Reset), (8 bytes).
    Removing apm32f10x_eint.o(.text.EINT_Config), (234 bytes).
    Removing apm32f10x_eint.o(.ARM.exidx.text.EINT_Config), (8 bytes).
    Removing apm32f10x_eint.o(.text.EINT_ConfigStructInit), (28 bytes).
    Removing apm32f10x_eint.o(.ARM.exidx.text.EINT_ConfigStructInit), (8 bytes).
    Removing apm32f10x_eint.o(.text.EINT_SelectSWInterrupt), (24 bytes).
    Removing apm32f10x_eint.o(.ARM.exidx.text.EINT_SelectSWInterrupt), (8 bytes).
    Removing apm32f10x_eint.o(.text.EINT_ReadStatusFlag), (52 bytes).
    Removing apm32f10x_eint.o(.ARM.exidx.text.EINT_ReadStatusFlag), (8 bytes).
    Removing apm32f10x_eint.o(.text.EINT_ClearStatusFlag), (20 bytes).
    Removing apm32f10x_eint.o(.ARM.exidx.text.EINT_ClearStatusFlag), (8 bytes).
    Removing apm32f10x_eint.o(.text.EINT_ReadIntFlag), (76 bytes).
    Removing apm32f10x_eint.o(.ARM.exidx.text.EINT_ReadIntFlag), (8 bytes).
    Removing apm32f10x_eint.o(.text.EINT_ClearIntFlag), (20 bytes).
    Removing apm32f10x_eint.o(.ARM.exidx.text.EINT_ClearIntFlag), (8 bytes).
    Removing apm32f10x_gpio.o(.text), (0 bytes).
    Removing apm32f10x_gpio.o(.text.GPIO_Reset), (208 bytes).
    Removing apm32f10x_gpio.o(.ARM.exidx.text.GPIO_Reset), (8 bytes).
    Removing apm32f10x_gpio.o(.text.GPIO_AFIOReset), (22 bytes).
    Removing apm32f10x_gpio.o(.ARM.exidx.text.GPIO_AFIOReset), (8 bytes).
    Removing apm32f10x_gpio.o(.ARM.exidx.text.GPIO_Config), (8 bytes).
    Removing apm32f10x_gpio.o(.text.GPIO_ConfigStructInit), (28 bytes).
    Removing apm32f10x_gpio.o(.ARM.exidx.text.GPIO_ConfigStructInit), (8 bytes).
    Removing apm32f10x_gpio.o(.text.GPIO_ReadInputBit), (36 bytes).
    Removing apm32f10x_gpio.o(.ARM.exidx.text.GPIO_ReadInputBit), (8 bytes).
    Removing apm32f10x_gpio.o(.text.GPIO_ReadInputPort), (14 bytes).
    Removing apm32f10x_gpio.o(.ARM.exidx.text.GPIO_ReadInputPort), (8 bytes).
    Removing apm32f10x_gpio.o(.text.GPIO_ReadOutputBit), (36 bytes).
    Removing apm32f10x_gpio.o(.ARM.exidx.text.GPIO_ReadOutputBit), (8 bytes).
    Removing apm32f10x_gpio.o(.text.GPIO_ReadOutputPort), (14 bytes).
    Removing apm32f10x_gpio.o(.ARM.exidx.text.GPIO_ReadOutputPort), (8 bytes).
    Removing apm32f10x_gpio.o(.ARM.exidx.text.GPIO_SetBit), (8 bytes).
    Removing apm32f10x_gpio.o(.ARM.exidx.text.GPIO_ResetBit), (8 bytes).
    Removing apm32f10x_gpio.o(.text.GPIO_WriteBitValue), (44 bytes).
    Removing apm32f10x_gpio.o(.ARM.exidx.text.GPIO_WriteBitValue), (8 bytes).
    Removing apm32f10x_gpio.o(.text.GPIO_WriteOutputPort), (20 bytes).
    Removing apm32f10x_gpio.o(.ARM.exidx.text.GPIO_WriteOutputPort), (8 bytes).
    Removing apm32f10x_gpio.o(.text.GPIO_ConfigPinLock), (60 bytes).
    Removing apm32f10x_gpio.o(.ARM.exidx.text.GPIO_ConfigPinLock), (8 bytes).
    Removing apm32f10x_gpio.o(.text.GPIO_ConfigEventOutput), (52 bytes).
    Removing apm32f10x_gpio.o(.ARM.exidx.text.GPIO_ConfigEventOutput), (8 bytes).
    Removing apm32f10x_gpio.o(.text.GPIO_EnableEventOutput), (16 bytes).
    Removing apm32f10x_gpio.o(.ARM.exidx.text.GPIO_EnableEventOutput), (8 bytes).
    Removing apm32f10x_gpio.o(.text.GPIO_DisableEventOutput), (16 bytes).
    Removing apm32f10x_gpio.o(.ARM.exidx.text.GPIO_DisableEventOutput), (8 bytes).
    Removing apm32f10x_gpio.o(.ARM.exidx.text.GPIO_ConfigPinRemap), (8 bytes).
    Removing apm32f10x_gpio.o(.text.GPIO_ConfigEINTLine), (262 bytes).
    Removing apm32f10x_gpio.o(.ARM.exidx.text.GPIO_ConfigEINTLine), (8 bytes).
    Removing apm32f10x_misc.o(.text), (0 bytes).
    Removing apm32f10x_misc.o(.text.NVIC_ConfigPriorityGroup), (32 bytes).
    Removing apm32f10x_misc.o(.ARM.exidx.text.NVIC_ConfigPriorityGroup), (8 bytes).
    Removing apm32f10x_misc.o(.text.NVIC_EnableIRQRequest), (246 bytes).
    Removing apm32f10x_misc.o(.ARM.exidx.text.NVIC_EnableIRQRequest), (8 bytes).
    Removing apm32f10x_misc.o(.text.NVIC_DisableIRQRequest), (36 bytes).
    Removing apm32f10x_misc.o(.ARM.exidx.text.NVIC_DisableIRQRequest), (8 bytes).
    Removing apm32f10x_misc.o(.text.NVIC_ConfigVectorTable), (36 bytes).
    Removing apm32f10x_misc.o(.ARM.exidx.text.NVIC_ConfigVectorTable), (8 bytes).
    Removing apm32f10x_misc.o(.text.NVIC_SetSystemLowPower), (28 bytes).
    Removing apm32f10x_misc.o(.ARM.exidx.text.NVIC_SetSystemLowPower), (8 bytes).
    Removing apm32f10x_misc.o(.text.NVIC_ResetystemLowPower), (28 bytes).
    Removing apm32f10x_misc.o(.ARM.exidx.text.NVIC_ResetystemLowPower), (8 bytes).
    Removing apm32f10x_misc.o(.text.SysTick_ConfigCLKSource), (56 bytes).
    Removing apm32f10x_misc.o(.ARM.exidx.text.SysTick_ConfigCLKSource), (8 bytes).
    Removing apm32f10x_rcm.o(.text), (0 bytes).
    Removing apm32f10x_rcm.o(.text.RCM_Reset), (82 bytes).
    Removing apm32f10x_rcm.o(.ARM.exidx.text.RCM_Reset), (8 bytes).
    Removing apm32f10x_rcm.o(.text.RCM_ConfigHSE), (100 bytes).
    Removing apm32f10x_rcm.o(.ARM.exidx.text.RCM_ConfigHSE), (8 bytes).
    Removing apm32f10x_rcm.o(.text.RCM_WaitHSEReady), (70 bytes).
    Removing apm32f10x_rcm.o(.ARM.exidx.text.RCM_WaitHSEReady), (8 bytes).
    Removing apm32f10x_rcm.o(.text.RCM_ConfigHSITrim), (38 bytes).
    Removing apm32f10x_rcm.o(.ARM.exidx.text.RCM_ConfigHSITrim), (8 bytes).
    Removing apm32f10x_rcm.o(.text.RCM_EnableHSI), (18 bytes).
    Removing apm32f10x_rcm.o(.ARM.exidx.text.RCM_EnableHSI), (8 bytes).
    Removing apm32f10x_rcm.o(.text.RCM_DisableHSI), (18 bytes).
    Removing apm32f10x_rcm.o(.ARM.exidx.text.RCM_DisableHSI), (8 bytes).
    Removing apm32f10x_rcm.o(.text.RCM_ConfigLSE), (100 bytes).
    Removing apm32f10x_rcm.o(.ARM.exidx.text.RCM_ConfigLSE), (8 bytes).
    Removing apm32f10x_rcm.o(.text.RCM_EnableLSI), (18 bytes).
    Removing apm32f10x_rcm.o(.ARM.exidx.text.RCM_EnableLSI), (8 bytes).
    Removing apm32f10x_rcm.o(.text.RCM_DisableLSI), (18 bytes).
    Removing apm32f10x_rcm.o(.ARM.exidx.text.RCM_DisableLSI), (8 bytes).
    Removing apm32f10x_rcm.o(.text.RCM_ConfigPLL), (76 bytes).
    Removing apm32f10x_rcm.o(.ARM.exidx.text.RCM_ConfigPLL), (8 bytes).
    Removing apm32f10x_rcm.o(.text.RCM_EnablePLL), (18 bytes).
    Removing apm32f10x_rcm.o(.ARM.exidx.text.RCM_EnablePLL), (8 bytes).
    Removing apm32f10x_rcm.o(.text.RCM_DisablePLL), (18 bytes).
    Removing apm32f10x_rcm.o(.ARM.exidx.text.RCM_DisablePLL), (8 bytes).
    Removing apm32f10x_rcm.o(.text.RCM_EnableCSS), (18 bytes).
    Removing apm32f10x_rcm.o(.ARM.exidx.text.RCM_EnableCSS), (8 bytes).
    Removing apm32f10x_rcm.o(.text.RCM_DisableCSS), (18 bytes).
    Removing apm32f10x_rcm.o(.ARM.exidx.text.RCM_DisableCSS), (8 bytes).
    Removing apm32f10x_rcm.o(.text.RCM_ConfigMCO), (38 bytes).
    Removing apm32f10x_rcm.o(.ARM.exidx.text.RCM_ConfigMCO), (8 bytes).
    Removing apm32f10x_rcm.o(.text.RCM_ConfigSYSCLK), (30 bytes).
    Removing apm32f10x_rcm.o(.ARM.exidx.text.RCM_ConfigSYSCLK), (8 bytes).
    Removing apm32f10x_rcm.o(.text.RCM_ReadSYSCLKSource), (16 bytes).
    Removing apm32f10x_rcm.o(.ARM.exidx.text.RCM_ReadSYSCLKSource), (8 bytes).
    Removing apm32f10x_rcm.o(.text.RCM_ConfigAHB), (38 bytes).
    Removing apm32f10x_rcm.o(.ARM.exidx.text.RCM_ConfigAHB), (8 bytes).
    Removing apm32f10x_rcm.o(.text.RCM_ConfigAPB1), (38 bytes).
    Removing apm32f10x_rcm.o(.ARM.exidx.text.RCM_ConfigAPB1), (8 bytes).
    Removing apm32f10x_rcm.o(.text.RCM_ConfigAPB2), (38 bytes).
    Removing apm32f10x_rcm.o(.ARM.exidx.text.RCM_ConfigAPB2), (8 bytes).
    Removing apm32f10x_rcm.o(.text.RCM_ConfigUSBCLK), (38 bytes).
    Removing apm32f10x_rcm.o(.ARM.exidx.text.RCM_ConfigUSBCLK), (8 bytes).
    Removing apm32f10x_rcm.o(.text.RCM_ConfigFPUCLK), (38 bytes).
    Removing apm32f10x_rcm.o(.ARM.exidx.text.RCM_ConfigFPUCLK), (8 bytes).
    Removing apm32f10x_rcm.o(.text.RCM_ConfigADCCLK), (38 bytes).
    Removing apm32f10x_rcm.o(.ARM.exidx.text.RCM_ConfigADCCLK), (8 bytes).
    Removing apm32f10x_rcm.o(.text.RCM_ConfigRTCCLK), (38 bytes).
    Removing apm32f10x_rcm.o(.ARM.exidx.text.RCM_ConfigRTCCLK), (8 bytes).
    Removing apm32f10x_rcm.o(.text.RCM_EnableRTCCLK), (18 bytes).
    Removing apm32f10x_rcm.o(.ARM.exidx.text.RCM_EnableRTCCLK), (8 bytes).
    Removing apm32f10x_rcm.o(.text.RCM_DisableRTCCLK), (18 bytes).
    Removing apm32f10x_rcm.o(.ARM.exidx.text.RCM_DisableRTCCLK), (8 bytes).
    Removing apm32f10x_rcm.o(.ARM.exidx.text.RCM_ReadSYSCLKFreq), (8 bytes).
    Removing apm32f10x_rcm.o(.ARM.exidx.text.RCM_ReadHCLKFreq), (8 bytes).
    Removing apm32f10x_rcm.o(.ARM.exidx.text.RCM_ReadPCLKFreq), (8 bytes).
    Removing apm32f10x_rcm.o(.text.RCM_ReadADCCLKFreq), (60 bytes).
    Removing apm32f10x_rcm.o(.ARM.exidx.text.RCM_ReadADCCLKFreq), (8 bytes).
    Removing apm32f10x_rcm.o(.text.RCM_EnableAHBPeriphClock), (24 bytes).
    Removing apm32f10x_rcm.o(.ARM.exidx.text.RCM_EnableAHBPeriphClock), (8 bytes).
    Removing apm32f10x_rcm.o(.text.RCM_DisableAHBPeriphClock), (24 bytes).
    Removing apm32f10x_rcm.o(.ARM.exidx.text.RCM_DisableAHBPeriphClock), (8 bytes).
    Removing apm32f10x_rcm.o(.ARM.exidx.text.RCM_EnableAPB2PeriphClock), (8 bytes).
    Removing apm32f10x_rcm.o(.text.RCM_DisableAPB2PeriphClock), (24 bytes).
    Removing apm32f10x_rcm.o(.ARM.exidx.text.RCM_DisableAPB2PeriphClock), (8 bytes).
    Removing apm32f10x_rcm.o(.text.RCM_EnableAPB1PeriphClock), (24 bytes).
    Removing apm32f10x_rcm.o(.ARM.exidx.text.RCM_EnableAPB1PeriphClock), (8 bytes).
    Removing apm32f10x_rcm.o(.text.RCM_DisableAPB1PeriphClock), (24 bytes).
    Removing apm32f10x_rcm.o(.ARM.exidx.text.RCM_DisableAPB1PeriphClock), (8 bytes).
    Removing apm32f10x_rcm.o(.text.RCM_EnableAPB2PeriphReset), (24 bytes).
    Removing apm32f10x_rcm.o(.ARM.exidx.text.RCM_EnableAPB2PeriphReset), (8 bytes).
    Removing apm32f10x_rcm.o(.text.RCM_DisableAPB2PeriphReset), (24 bytes).
    Removing apm32f10x_rcm.o(.ARM.exidx.text.RCM_DisableAPB2PeriphReset), (8 bytes).
    Removing apm32f10x_rcm.o(.text.RCM_EnableAPB1PeriphReset), (24 bytes).
    Removing apm32f10x_rcm.o(.ARM.exidx.text.RCM_EnableAPB1PeriphReset), (8 bytes).
    Removing apm32f10x_rcm.o(.text.RCM_DisableAPB1PeriphReset), (24 bytes).
    Removing apm32f10x_rcm.o(.ARM.exidx.text.RCM_DisableAPB1PeriphReset), (8 bytes).
    Removing apm32f10x_rcm.o(.text.RCM_EnableBackupReset), (18 bytes).
    Removing apm32f10x_rcm.o(.ARM.exidx.text.RCM_EnableBackupReset), (8 bytes).
    Removing apm32f10x_rcm.o(.text.RCM_DisableBackupReset), (18 bytes).
    Removing apm32f10x_rcm.o(.ARM.exidx.text.RCM_DisableBackupReset), (8 bytes).
    Removing apm32f10x_rcm.o(.text.RCM_EnableInterrupt), (30 bytes).
    Removing apm32f10x_rcm.o(.ARM.exidx.text.RCM_EnableInterrupt), (8 bytes).
    Removing apm32f10x_rcm.o(.text.RCM_DisableInterrupt), (30 bytes).
    Removing apm32f10x_rcm.o(.ARM.exidx.text.RCM_DisableInterrupt), (8 bytes).
    Removing apm32f10x_rcm.o(.text.RCM_ReadStatusFlag), (124 bytes).
    Removing apm32f10x_rcm.o(.ARM.exidx.text.RCM_ReadStatusFlag), (8 bytes).
    Removing apm32f10x_rcm.o(.text.RCM_ClearStatusFlag), (18 bytes).
    Removing apm32f10x_rcm.o(.ARM.exidx.text.RCM_ClearStatusFlag), (8 bytes).
    Removing apm32f10x_rcm.o(.text.RCM_ReadIntFlag), (32 bytes).
    Removing apm32f10x_rcm.o(.ARM.exidx.text.RCM_ReadIntFlag), (8 bytes).
    Removing apm32f10x_rcm.o(.text.RCM_ClearIntFlag), (30 bytes).
    Removing apm32f10x_rcm.o(.ARM.exidx.text.RCM_ClearIntFlag), (8 bytes).
    Removing apm32f10x_rcm.o(.rodata.cst16), (16 bytes).
    Removing apm32f10x_rcm.o(.rodata.cst8), (8 bytes).
    Removing apm32f10x_rcm.o(.rodata.cst4), (4 bytes).
    Removing apm32f10x_spi.o(.text), (0 bytes).
    Removing apm32f10x_spi.o(.text.SPI_I2S_Reset), (116 bytes).
    Removing apm32f10x_spi.o(.ARM.exidx.text.SPI_I2S_Reset), (8 bytes).
    Removing apm32f10x_spi.o(.ARM.exidx.text.SPI_Config), (8 bytes).
    Removing apm32f10x_spi.o(.text.I2S_Config), (344 bytes).
    Removing apm32f10x_spi.o(.ARM.exidx.text.I2S_Config), (8 bytes).
    Removing apm32f10x_spi.o(.text.SPI_ConfigStructInit), (48 bytes).
    Removing apm32f10x_spi.o(.ARM.exidx.text.SPI_ConfigStructInit), (8 bytes).
    Removing apm32f10x_spi.o(.text.I2S_ConfigStructInit), (36 bytes).
    Removing apm32f10x_spi.o(.ARM.exidx.text.I2S_ConfigStructInit), (8 bytes).
    Removing apm32f10x_spi.o(.ARM.exidx.text.SPI_Enable), (8 bytes).
    Removing apm32f10x_spi.o(.text.SPI_Disable), (18 bytes).
    Removing apm32f10x_spi.o(.ARM.exidx.text.SPI_Disable), (8 bytes).
    Removing apm32f10x_spi.o(.text.I2S_Enable), (18 bytes).
    Removing apm32f10x_spi.o(.ARM.exidx.text.I2S_Enable), (8 bytes).
    Removing apm32f10x_spi.o(.text.I2S_Disable), (18 bytes).
    Removing apm32f10x_spi.o(.ARM.exidx.text.I2S_Disable), (8 bytes).
    Removing apm32f10x_spi.o(.text.SPI_I2S_EnableDMA), (46 bytes).
    Removing apm32f10x_spi.o(.ARM.exidx.text.SPI_I2S_EnableDMA), (8 bytes).
    Removing apm32f10x_spi.o(.text.SPI_I2S_DisableDMA), (46 bytes).
    Removing apm32f10x_spi.o(.ARM.exidx.text.SPI_I2S_DisableDMA), (8 bytes).
    Removing apm32f10x_spi.o(.text.SPI_I2S_TxData), (20 bytes).
    Removing apm32f10x_spi.o(.ARM.exidx.text.SPI_I2S_TxData), (8 bytes).
    Removing apm32f10x_spi.o(.text.SPI_I2S_RxData), (14 bytes).
    Removing apm32f10x_spi.o(.ARM.exidx.text.SPI_I2S_RxData), (8 bytes).
    Removing apm32f10x_spi.o(.text.SPI_SetSoftwareNSS), (18 bytes).
    Removing apm32f10x_spi.o(.ARM.exidx.text.SPI_SetSoftwareNSS), (8 bytes).
    Removing apm32f10x_spi.o(.text.SPI_ResetSoftwareNSS), (18 bytes).
    Removing apm32f10x_spi.o(.ARM.exidx.text.SPI_ResetSoftwareNSS), (8 bytes).
    Removing apm32f10x_spi.o(.text.SPI_EnableSSOutput), (18 bytes).
    Removing apm32f10x_spi.o(.ARM.exidx.text.SPI_EnableSSOutput), (8 bytes).
    Removing apm32f10x_spi.o(.text.SPI_DisableSSOutput), (18 bytes).
    Removing apm32f10x_spi.o(.ARM.exidx.text.SPI_DisableSSOutput), (8 bytes).
    Removing apm32f10x_spi.o(.text.SPI_ConfigDataSize), (34 bytes).
    Removing apm32f10x_spi.o(.ARM.exidx.text.SPI_ConfigDataSize), (8 bytes).
    Removing apm32f10x_spi.o(.text.SPI_TxCRC), (18 bytes).
    Removing apm32f10x_spi.o(.ARM.exidx.text.SPI_TxCRC), (8 bytes).
    Removing apm32f10x_spi.o(.text.SPI_EnableCRC), (18 bytes).
    Removing apm32f10x_spi.o(.ARM.exidx.text.SPI_EnableCRC), (8 bytes).
    Removing apm32f10x_spi.o(.text.SPI_DisableCRC), (18 bytes).
    Removing apm32f10x_spi.o(.ARM.exidx.text.SPI_DisableCRC), (8 bytes).
    Removing apm32f10x_spi.o(.text.SPI_ReadTxCRC), (14 bytes).
    Removing apm32f10x_spi.o(.ARM.exidx.text.SPI_ReadTxCRC), (8 bytes).
    Removing apm32f10x_spi.o(.text.SPI_ReadRxCRC), (14 bytes).
    Removing apm32f10x_spi.o(.ARM.exidx.text.SPI_ReadRxCRC), (8 bytes).
    Removing apm32f10x_spi.o(.text.SPI_ReadCRCPolynomial), (14 bytes).
    Removing apm32f10x_spi.o(.ARM.exidx.text.SPI_ReadCRCPolynomial), (8 bytes).
    Removing apm32f10x_spi.o(.text.SPI_ConfigBiDirectionalLine), (50 bytes).
    Removing apm32f10x_spi.o(.ARM.exidx.text.SPI_ConfigBiDirectionalLine), (8 bytes).
    Removing apm32f10x_spi.o(.text.SPI_I2S_EnableInterrupt), (24 bytes).
    Removing apm32f10x_spi.o(.ARM.exidx.text.SPI_I2S_EnableInterrupt), (8 bytes).
    Removing apm32f10x_spi.o(.text.SPI_I2S_DisableInterrupt), (24 bytes).
    Removing apm32f10x_spi.o(.ARM.exidx.text.SPI_I2S_DisableInterrupt), (8 bytes).
    Removing apm32f10x_spi.o(.text.SPI_I2S_ReadStatusFlag), (46 bytes).
    Removing apm32f10x_spi.o(.ARM.exidx.text.SPI_I2S_ReadStatusFlag), (8 bytes).
    Removing apm32f10x_spi.o(.text.SPI_I2S_ClearStatusFlag), (22 bytes).
    Removing apm32f10x_spi.o(.ARM.exidx.text.SPI_I2S_ClearStatusFlag), (8 bytes).
    Removing apm32f10x_spi.o(.text.SPI_I2S_ReadIntFlag), (68 bytes).
    Removing apm32f10x_spi.o(.ARM.exidx.text.SPI_I2S_ReadIntFlag), (8 bytes).
    Removing apm32f10x_spi.o(.text.SPI_I2S_ClearIntFlag), (22 bytes).
    Removing apm32f10x_spi.o(.ARM.exidx.text.SPI_I2S_ClearIntFlag), (8 bytes).
    Removing apm32f10x_tmr.o(.text), (0 bytes).
    Removing apm32f10x_tmr.o(.text.TMR_Reset), (278 bytes).
    Removing apm32f10x_tmr.o(.ARM.exidx.text.TMR_Reset), (8 bytes).
    Removing apm32f10x_tmr.o(.text.TMR_ConfigTimeBase), (270 bytes).
    Removing apm32f10x_tmr.o(.ARM.exidx.text.TMR_ConfigTimeBase), (8 bytes).
    Removing apm32f10x_tmr.o(.text.TMR_ConfigOC1), (238 bytes).
    Removing apm32f10x_tmr.o(.ARM.exidx.text.TMR_ConfigOC1), (8 bytes).
    Removing apm32f10x_tmr.o(.text.TMR_ConfigOC2), (286 bytes).
    Removing apm32f10x_tmr.o(.ARM.exidx.text.TMR_ConfigOC2), (8 bytes).
    Removing apm32f10x_tmr.o(.text.TMR_ConfigOC3), (286 bytes).
    Removing apm32f10x_tmr.o(.ARM.exidx.text.TMR_ConfigOC3), (8 bytes).
    Removing apm32f10x_tmr.o(.text.TMR_ConfigOC4), (190 bytes).
    Removing apm32f10x_tmr.o(.ARM.exidx.text.TMR_ConfigOC4), (8 bytes).
    Removing apm32f10x_tmr.o(.text.TMR_ConfigIC), (160 bytes).
    Removing apm32f10x_tmr.o(.ARM.exidx.text.TMR_ConfigIC), (8 bytes).
    Removing apm32f10x_tmr.o(.text.TI1Config), (296 bytes).
    Removing apm32f10x_tmr.o(.ARM.exidx.text.TI1Config), (8 bytes).
    Removing apm32f10x_tmr.o(.text.TMR_ConfigIC1Prescal), (44 bytes).
    Removing apm32f10x_tmr.o(.ARM.exidx.text.TMR_ConfigIC1Prescal), (8 bytes).
    Removing apm32f10x_tmr.o(.text.TI2Config), (308 bytes).
    Removing apm32f10x_tmr.o(.ARM.exidx.text.TI2Config), (8 bytes).
    Removing apm32f10x_tmr.o(.text.TMR_ConfigIC2Prescal), (44 bytes).
    Removing apm32f10x_tmr.o(.ARM.exidx.text.TMR_ConfigIC2Prescal), (8 bytes).
    Removing apm32f10x_tmr.o(.text.TI3Config), (300 bytes).
    Removing apm32f10x_tmr.o(.ARM.exidx.text.TI3Config), (8 bytes).
    Removing apm32f10x_tmr.o(.text.TMR_ConfigIC3Prescal), (44 bytes).
    Removing apm32f10x_tmr.o(.ARM.exidx.text.TMR_ConfigIC3Prescal), (8 bytes).
    Removing apm32f10x_tmr.o(.text.TI4Config), (152 bytes).
    Removing apm32f10x_tmr.o(.ARM.exidx.text.TI4Config), (8 bytes).
    Removing apm32f10x_tmr.o(.text.TMR_ConfigIC4Prescal), (44 bytes).
    Removing apm32f10x_tmr.o(.ARM.exidx.text.TMR_ConfigIC4Prescal), (8 bytes).
    Removing apm32f10x_tmr.o(.text.TMR_ConfigBDT), (56 bytes).
    Removing apm32f10x_tmr.o(.ARM.exidx.text.TMR_ConfigBDT), (8 bytes).
    Removing apm32f10x_tmr.o(.text.TMR_ConfigTimeBaseStructInit), (34 bytes).
    Removing apm32f10x_tmr.o(.ARM.exidx.text.TMR_ConfigTimeBaseStructInit), (8 bytes).
    Removing apm32f10x_tmr.o(.text.TMR_ConfigOCStructInit), (42 bytes).
    Removing apm32f10x_tmr.o(.ARM.exidx.text.TMR_ConfigOCStructInit), (8 bytes).
    Removing apm32f10x_tmr.o(.text.TMR_ConfigICStructInit), (32 bytes).
    Removing apm32f10x_tmr.o(.ARM.exidx.text.TMR_ConfigICStructInit), (8 bytes).
    Removing apm32f10x_tmr.o(.text.TMR_ConfigBDTStructInit), (38 bytes).
    Removing apm32f10x_tmr.o(.ARM.exidx.text.TMR_ConfigBDTStructInit), (8 bytes).
    Removing apm32f10x_tmr.o(.text.TMR_Enable), (18 bytes).
    Removing apm32f10x_tmr.o(.ARM.exidx.text.TMR_Enable), (8 bytes).
    Removing apm32f10x_tmr.o(.text.TMR_Disable), (18 bytes).
    Removing apm32f10x_tmr.o(.ARM.exidx.text.TMR_Disable), (8 bytes).
    Removing apm32f10x_tmr.o(.text.TMR_ConfigPWM), (190 bytes).
    Removing apm32f10x_tmr.o(.ARM.exidx.text.TMR_ConfigPWM), (8 bytes).
    Removing apm32f10x_tmr.o(.text.TMR_EnablePWMOutputs), (18 bytes).
    Removing apm32f10x_tmr.o(.ARM.exidx.text.TMR_EnablePWMOutputs), (8 bytes).
    Removing apm32f10x_tmr.o(.text.TMR_DisablePWMOutputs), (18 bytes).
    Removing apm32f10x_tmr.o(.ARM.exidx.text.TMR_DisablePWMOutputs), (8 bytes).
    Removing apm32f10x_tmr.o(.text.TMR_ConfigDMA), (30 bytes).
    Removing apm32f10x_tmr.o(.ARM.exidx.text.TMR_ConfigDMA), (8 bytes).
    Removing apm32f10x_tmr.o(.text.TMR_EnableDMASoure), (24 bytes).
    Removing apm32f10x_tmr.o(.ARM.exidx.text.TMR_EnableDMASoure), (8 bytes).
    Removing apm32f10x_tmr.o(.text.TMR_DisableDMASoure), (24 bytes).
    Removing apm32f10x_tmr.o(.ARM.exidx.text.TMR_DisableDMASoure), (8 bytes).
    Removing apm32f10x_tmr.o(.text.TMR_ConfigInternalClock), (18 bytes).
    Removing apm32f10x_tmr.o(.ARM.exidx.text.TMR_ConfigInternalClock), (8 bytes).
    Removing apm32f10x_tmr.o(.text.TMR_ConfigIntTrigExternalClock), (34 bytes).
    Removing apm32f10x_tmr.o(.ARM.exidx.text.TMR_ConfigIntTrigExternalClock), (8 bytes).
    Removing apm32f10x_tmr.o(.text.TMR_SelectInputTrigger), (44 bytes).
    Removing apm32f10x_tmr.o(.ARM.exidx.text.TMR_SelectInputTrigger), (8 bytes).
    Removing apm32f10x_tmr.o(.text.TMR_ConfigTrigExternalClock), (88 bytes).
    Removing apm32f10x_tmr.o(.ARM.exidx.text.TMR_ConfigTrigExternalClock), (8 bytes).
    Removing apm32f10x_tmr.o(.text.TMR_ConfigETRClockMode1), (70 bytes).
    Removing apm32f10x_tmr.o(.ARM.exidx.text.TMR_ConfigETRClockMode1), (8 bytes).
    Removing apm32f10x_tmr.o(.text.TMR_ConfigETR), (94 bytes).
    Removing apm32f10x_tmr.o(.ARM.exidx.text.TMR_ConfigETR), (8 bytes).
    Removing apm32f10x_tmr.o(.text.TMR_ConfigETRClockMode2), (50 bytes).
    Removing apm32f10x_tmr.o(.ARM.exidx.text.TMR_ConfigETRClockMode2), (8 bytes).
    Removing apm32f10x_tmr.o(.text.TMR_ConfigPrescaler), (38 bytes).
    Removing apm32f10x_tmr.o(.ARM.exidx.text.TMR_ConfigPrescaler), (8 bytes).
    Removing apm32f10x_tmr.o(.text.TMR_ConfigCounterMode), (44 bytes).
    Removing apm32f10x_tmr.o(.ARM.exidx.text.TMR_ConfigCounterMode), (8 bytes).
    Removing apm32f10x_tmr.o(.text.TMR_ConfigEncodeInterface), (126 bytes).
    Removing apm32f10x_tmr.o(.ARM.exidx.text.TMR_ConfigEncodeInterface), (8 bytes).
    Removing apm32f10x_tmr.o(.text.TMR_ConfigForcedOC1), (44 bytes).
    Removing apm32f10x_tmr.o(.ARM.exidx.text.TMR_ConfigForcedOC1), (8 bytes).
    Removing apm32f10x_tmr.o(.text.TMR_ConfigForcedOC2), (44 bytes).
    Removing apm32f10x_tmr.o(.ARM.exidx.text.TMR_ConfigForcedOC2), (8 bytes).
    Removing apm32f10x_tmr.o(.text.TMR_ConfigForcedOC3), (44 bytes).
    Removing apm32f10x_tmr.o(.ARM.exidx.text.TMR_ConfigForcedOC3), (8 bytes).
    Removing apm32f10x_tmr.o(.text.TMR_ConfigForcedOC4), (44 bytes).
    Removing apm32f10x_tmr.o(.ARM.exidx.text.TMR_ConfigForcedOC4), (8 bytes).
    Removing apm32f10x_tmr.o(.text.TMR_EnableAutoReload), (18 bytes).
    Removing apm32f10x_tmr.o(.ARM.exidx.text.TMR_EnableAutoReload), (8 bytes).
    Removing apm32f10x_tmr.o(.text.TMR_DisableAutoReload), (18 bytes).
    Removing apm32f10x_tmr.o(.ARM.exidx.text.TMR_DisableAutoReload), (8 bytes).
    Removing apm32f10x_tmr.o(.text.TMR_EnableSelectCOM), (18 bytes).
    Removing apm32f10x_tmr.o(.ARM.exidx.text.TMR_EnableSelectCOM), (8 bytes).
    Removing apm32f10x_tmr.o(.text.TMR_DisableSelectCOM), (18 bytes).
    Removing apm32f10x_tmr.o(.ARM.exidx.text.TMR_DisableSelectCOM), (8 bytes).
    Removing apm32f10x_tmr.o(.text.TMR_EnableCCDMA), (18 bytes).
    Removing apm32f10x_tmr.o(.ARM.exidx.text.TMR_EnableCCDMA), (8 bytes).
    Removing apm32f10x_tmr.o(.text.TMR_DisableCCDMA), (18 bytes).
    Removing apm32f10x_tmr.o(.ARM.exidx.text.TMR_DisableCCDMA), (8 bytes).
    Removing apm32f10x_tmr.o(.text.TMR_EnableCCPreload), (18 bytes).
    Removing apm32f10x_tmr.o(.ARM.exidx.text.TMR_EnableCCPreload), (8 bytes).
    Removing apm32f10x_tmr.o(.text.TMR_DisableCCPreload), (18 bytes).
    Removing apm32f10x_tmr.o(.ARM.exidx.text.TMR_DisableCCPreload), (8 bytes).
    Removing apm32f10x_tmr.o(.text.TMR_ConfigOC1Preload), (34 bytes).
    Removing apm32f10x_tmr.o(.ARM.exidx.text.TMR_ConfigOC1Preload), (8 bytes).
    Removing apm32f10x_tmr.o(.text.TMR_ConfigOC2Preload), (34 bytes).
    Removing apm32f10x_tmr.o(.ARM.exidx.text.TMR_ConfigOC2Preload), (8 bytes).
    Removing apm32f10x_tmr.o(.text.TMR_ConfigOC3Preload), (34 bytes).
    Removing apm32f10x_tmr.o(.ARM.exidx.text.TMR_ConfigOC3Preload), (8 bytes).
    Removing apm32f10x_tmr.o(.text.TMR_ConfigOC4Preload), (34 bytes).
    Removing apm32f10x_tmr.o(.ARM.exidx.text.TMR_ConfigOC4Preload), (8 bytes).
    Removing apm32f10x_tmr.o(.text.TMR_ConfigOC1Fast), (34 bytes).
    Removing apm32f10x_tmr.o(.ARM.exidx.text.TMR_ConfigOC1Fast), (8 bytes).
    Removing apm32f10x_tmr.o(.text.TMR_ConfigOC2Fast), (34 bytes).
    Removing apm32f10x_tmr.o(.ARM.exidx.text.TMR_ConfigOC2Fast), (8 bytes).
    Removing apm32f10x_tmr.o(.text.TMR_ConfigOC3Fast), (34 bytes).
    Removing apm32f10x_tmr.o(.ARM.exidx.text.TMR_ConfigOC3Fast), (8 bytes).
    Removing apm32f10x_tmr.o(.text.TMR_ConfigOC4Fast), (34 bytes).
    Removing apm32f10x_tmr.o(.ARM.exidx.text.TMR_ConfigOC4Fast), (8 bytes).
    Removing apm32f10x_tmr.o(.text.TMR_ClearOC1Ref), (34 bytes).
    Removing apm32f10x_tmr.o(.ARM.exidx.text.TMR_ClearOC1Ref), (8 bytes).
    Removing apm32f10x_tmr.o(.text.TMR_ClearOC2Ref), (34 bytes).
    Removing apm32f10x_tmr.o(.ARM.exidx.text.TMR_ClearOC2Ref), (8 bytes).
    Removing apm32f10x_tmr.o(.text.TMR_ClearOC3Ref), (34 bytes).
    Removing apm32f10x_tmr.o(.ARM.exidx.text.TMR_ClearOC3Ref), (8 bytes).
    Removing apm32f10x_tmr.o(.text.TMR_ClearOC4Ref), (34 bytes).
    Removing apm32f10x_tmr.o(.ARM.exidx.text.TMR_ClearOC4Ref), (8 bytes).
    Removing apm32f10x_tmr.o(.text.TMR_ConfigOC1Polarity), (34 bytes).
    Removing apm32f10x_tmr.o(.ARM.exidx.text.TMR_ConfigOC1Polarity), (8 bytes).
    Removing apm32f10x_tmr.o(.text.TMR_ConfigOC1NPolarity), (34 bytes).
    Removing apm32f10x_tmr.o(.ARM.exidx.text.TMR_ConfigOC1NPolarity), (8 bytes).
    Removing apm32f10x_tmr.o(.text.TMR_ConfigOC2Polarity), (34 bytes).
    Removing apm32f10x_tmr.o(.ARM.exidx.text.TMR_ConfigOC2Polarity), (8 bytes).
    Removing apm32f10x_tmr.o(.text.TMR_ConfigOC2NPolarity), (34 bytes).
    Removing apm32f10x_tmr.o(.ARM.exidx.text.TMR_ConfigOC2NPolarity), (8 bytes).
    Removing apm32f10x_tmr.o(.text.TMR_ConfigOC3Polarity), (34 bytes).
    Removing apm32f10x_tmr.o(.ARM.exidx.text.TMR_ConfigOC3Polarity), (8 bytes).
    Removing apm32f10x_tmr.o(.text.TMR_ConfigOC3NPolarity), (34 bytes).
    Removing apm32f10x_tmr.o(.ARM.exidx.text.TMR_ConfigOC3NPolarity), (8 bytes).
    Removing apm32f10x_tmr.o(.text.TMR_ConfigOC4Polarity), (34 bytes).
    Removing apm32f10x_tmr.o(.ARM.exidx.text.TMR_ConfigOC4Polarity), (8 bytes).
    Removing apm32f10x_tmr.o(.text.TMR_EnableCCxChannel), (30 bytes).
    Removing apm32f10x_tmr.o(.ARM.exidx.text.TMR_EnableCCxChannel), (8 bytes).
    Removing apm32f10x_tmr.o(.text.TMR_DisableCCxChannel), (20 bytes).
    Removing apm32f10x_tmr.o(.ARM.exidx.text.TMR_DisableCCxChannel), (8 bytes).
    Removing apm32f10x_tmr.o(.text.TMR_EnableCCxNChannel), (30 bytes).
    Removing apm32f10x_tmr.o(.ARM.exidx.text.TMR_EnableCCxNChannel), (8 bytes).
    Removing apm32f10x_tmr.o(.text.TMR_DisableCCxNChannel), (20 bytes).
    Removing apm32f10x_tmr.o(.ARM.exidx.text.TMR_DisableCCxNChannel), (8 bytes).
    Removing apm32f10x_tmr.o(.text.TMR_SelectOCxMode), (164 bytes).
    Removing apm32f10x_tmr.o(.ARM.exidx.text.TMR_SelectOCxMode), (8 bytes).
    Removing apm32f10x_tmr.o(.text.TMR_EnableUpdate), (18 bytes).
    Removing apm32f10x_tmr.o(.ARM.exidx.text.TMR_EnableUpdate), (8 bytes).
    Removing apm32f10x_tmr.o(.text.TMR_DisableUpdate), (18 bytes).
    Removing apm32f10x_tmr.o(.ARM.exidx.text.TMR_DisableUpdate), (8 bytes).
    Removing apm32f10x_tmr.o(.text.TMR_ConfigUpdateRequest), (44 bytes).
    Removing apm32f10x_tmr.o(.ARM.exidx.text.TMR_ConfigUpdateRequest), (8 bytes).
    Removing apm32f10x_tmr.o(.text.TMR_EnableHallSensor), (18 bytes).
    Removing apm32f10x_tmr.o(.ARM.exidx.text.TMR_EnableHallSensor), (8 bytes).
    Removing apm32f10x_tmr.o(.text.TMR_DisableHallSensor), (18 bytes).
    Removing apm32f10x_tmr.o(.ARM.exidx.text.TMR_DisableHallSensor), (8 bytes).
    Removing apm32f10x_tmr.o(.text.TMR_ConfigSinglePulseMode), (34 bytes).
    Removing apm32f10x_tmr.o(.ARM.exidx.text.TMR_ConfigSinglePulseMode), (8 bytes).
    Removing apm32f10x_tmr.o(.text.TMR_SelectOutputTrigger), (34 bytes).
    Removing apm32f10x_tmr.o(.ARM.exidx.text.TMR_SelectOutputTrigger), (8 bytes).
    Removing apm32f10x_tmr.o(.text.TMR_SelectSlaveMode), (26 bytes).
    Removing apm32f10x_tmr.o(.ARM.exidx.text.TMR_SelectSlaveMode), (8 bytes).
    Removing apm32f10x_tmr.o(.text.TMR_EnableMasterSlaveMode), (18 bytes).
    Removing apm32f10x_tmr.o(.ARM.exidx.text.TMR_EnableMasterSlaveMode), (8 bytes).
    Removing apm32f10x_tmr.o(.text.TMR_DisableMasterSlaveMode), (18 bytes).
    Removing apm32f10x_tmr.o(.ARM.exidx.text.TMR_DisableMasterSlaveMode), (8 bytes).
    Removing apm32f10x_tmr.o(.text.TMR_ConfigCounter), (20 bytes).
    Removing apm32f10x_tmr.o(.ARM.exidx.text.TMR_ConfigCounter), (8 bytes).
    Removing apm32f10x_tmr.o(.text.TMR_ConfigAutoreload), (20 bytes).
    Removing apm32f10x_tmr.o(.ARM.exidx.text.TMR_ConfigAutoreload), (8 bytes).
    Removing apm32f10x_tmr.o(.text.TMR_ConfigCompare1), (20 bytes).
    Removing apm32f10x_tmr.o(.ARM.exidx.text.TMR_ConfigCompare1), (8 bytes).
    Removing apm32f10x_tmr.o(.text.TMR_ConfigCompare2), (20 bytes).
    Removing apm32f10x_tmr.o(.ARM.exidx.text.TMR_ConfigCompare2), (8 bytes).
    Removing apm32f10x_tmr.o(.text.TMR_ConfigCompare3), (20 bytes).
    Removing apm32f10x_tmr.o(.ARM.exidx.text.TMR_ConfigCompare3), (8 bytes).
    Removing apm32f10x_tmr.o(.text.TMR_ConfigCompare4), (20 bytes).
    Removing apm32f10x_tmr.o(.ARM.exidx.text.TMR_ConfigCompare4), (8 bytes).
    Removing apm32f10x_tmr.o(.text.TMR_ConfigClockDivision), (34 bytes).
    Removing apm32f10x_tmr.o(.ARM.exidx.text.TMR_ConfigClockDivision), (8 bytes).
    Removing apm32f10x_tmr.o(.text.TMR_ReadCaputer1), (14 bytes).
    Removing apm32f10x_tmr.o(.ARM.exidx.text.TMR_ReadCaputer1), (8 bytes).
    Removing apm32f10x_tmr.o(.text.TMR_ReadCaputer2), (14 bytes).
    Removing apm32f10x_tmr.o(.ARM.exidx.text.TMR_ReadCaputer2), (8 bytes).
    Removing apm32f10x_tmr.o(.text.TMR_ReadCaputer3), (14 bytes).
    Removing apm32f10x_tmr.o(.ARM.exidx.text.TMR_ReadCaputer3), (8 bytes).
    Removing apm32f10x_tmr.o(.text.TMR_ReadCaputer4), (14 bytes).
    Removing apm32f10x_tmr.o(.ARM.exidx.text.TMR_ReadCaputer4), (8 bytes).
    Removing apm32f10x_tmr.o(.text.TMR_ReadCounter), (14 bytes).
    Removing apm32f10x_tmr.o(.ARM.exidx.text.TMR_ReadCounter), (8 bytes).
    Removing apm32f10x_tmr.o(.text.TMR_ReadPrescaler), (14 bytes).
    Removing apm32f10x_tmr.o(.ARM.exidx.text.TMR_ReadPrescaler), (8 bytes).
    Removing apm32f10x_tmr.o(.text.TMR_EnableInterrupt), (24 bytes).
    Removing apm32f10x_tmr.o(.ARM.exidx.text.TMR_EnableInterrupt), (8 bytes).
    Removing apm32f10x_tmr.o(.text.TMR_DisableInterrupt), (24 bytes).
    Removing apm32f10x_tmr.o(.ARM.exidx.text.TMR_DisableInterrupt), (8 bytes).
    Removing apm32f10x_tmr.o(.text.TMR_GenerateEvent), (20 bytes).
    Removing apm32f10x_tmr.o(.ARM.exidx.text.TMR_GenerateEvent), (8 bytes).
    Removing apm32f10x_tmr.o(.text.TMR_ReadStatusFlag), (28 bytes).
    Removing apm32f10x_tmr.o(.ARM.exidx.text.TMR_ReadStatusFlag), (8 bytes).
    Removing apm32f10x_tmr.o(.text.TMR_ClearStatusFlag), (22 bytes).
    Removing apm32f10x_tmr.o(.ARM.exidx.text.TMR_ClearStatusFlag), (8 bytes).
    Removing apm32f10x_tmr.o(.text.TMR_ReadIntFlag), (60 bytes).
    Removing apm32f10x_tmr.o(.ARM.exidx.text.TMR_ReadIntFlag), (8 bytes).
    Removing apm32f10x_tmr.o(.text.TMR_ClearIntFlag), (22 bytes).
    Removing apm32f10x_tmr.o(.ARM.exidx.text.TMR_ClearIntFlag), (8 bytes).
    Removing apm32f10x_usart.o(.text), (0 bytes).
    Removing apm32f10x_usart.o(.text.USART_Reset), (188 bytes).
    Removing apm32f10x_usart.o(.ARM.exidx.text.USART_Reset), (8 bytes).
    Removing apm32f10x_usart.o(.ARM.exidx.text.USART_Config), (8 bytes).
    Removing apm32f10x_usart.o(.text.USART_ConfigStructInit), (40 bytes).
    Removing apm32f10x_usart.o(.ARM.exidx.text.USART_ConfigStructInit), (8 bytes).
    Removing apm32f10x_usart.o(.text.USART_ConfigClock), (98 bytes).
    Removing apm32f10x_usart.o(.ARM.exidx.text.USART_ConfigClock), (8 bytes).
    Removing apm32f10x_usart.o(.text.USART_ConfigClockStructInit), (26 bytes).
    Removing apm32f10x_usart.o(.ARM.exidx.text.USART_ConfigClockStructInit), (8 bytes).
    Removing apm32f10x_usart.o(.ARM.exidx.text.USART_Enable), (8 bytes).
    Removing apm32f10x_usart.o(.text.USART_Disable), (18 bytes).
    Removing apm32f10x_usart.o(.ARM.exidx.text.USART_Disable), (8 bytes).
    Removing apm32f10x_usart.o(.text.USART_EnableDMA), (24 bytes).
    Removing apm32f10x_usart.o(.ARM.exidx.text.USART_EnableDMA), (8 bytes).
    Removing apm32f10x_usart.o(.text.USART_DisableDMA), (24 bytes).
    Removing apm32f10x_usart.o(.ARM.exidx.text.USART_DisableDMA), (8 bytes).
    Removing apm32f10x_usart.o(.text.USART_Address), (26 bytes).
    Removing apm32f10x_usart.o(.ARM.exidx.text.USART_Address), (8 bytes).
    Removing apm32f10x_usart.o(.text.USART_ConfigWakeUp), (34 bytes).
    Removing apm32f10x_usart.o(.ARM.exidx.text.USART_ConfigWakeUp), (8 bytes).
    Removing apm32f10x_usart.o(.text.USART_EnableMuteMode), (18 bytes).
    Removing apm32f10x_usart.o(.ARM.exidx.text.USART_EnableMuteMode), (8 bytes).
    Removing apm32f10x_usart.o(.text.USART_DisableMuteMode), (18 bytes).
    Removing apm32f10x_usart.o(.ARM.exidx.text.USART_DisableMuteMode), (8 bytes).
    Removing apm32f10x_usart.o(.text.USART_ConfigLINBreakDetectLength), (34 bytes).
    Removing apm32f10x_usart.o(.ARM.exidx.text.USART_ConfigLINBreakDetectLength), (8 bytes).
    Removing apm32f10x_usart.o(.text.USART_EnableLIN), (18 bytes).
    Removing apm32f10x_usart.o(.ARM.exidx.text.USART_EnableLIN), (8 bytes).
    Removing apm32f10x_usart.o(.text.USART_DisableLIN), (18 bytes).
    Removing apm32f10x_usart.o(.ARM.exidx.text.USART_DisableLIN), (8 bytes).
    Removing apm32f10x_usart.o(.ARM.exidx.text.USART_EnableTx), (8 bytes).
    Removing apm32f10x_usart.o(.text.USART_DisableTx), (18 bytes).
    Removing apm32f10x_usart.o(.ARM.exidx.text.USART_DisableTx), (8 bytes).
    Removing apm32f10x_usart.o(.ARM.exidx.text.USART_EnableRx), (8 bytes).
    Removing apm32f10x_usart.o(.text.USART_DisableRx), (18 bytes).
    Removing apm32f10x_usart.o(.ARM.exidx.text.USART_DisableRx), (8 bytes).
    Removing apm32f10x_usart.o(.text.USART_TxData), (26 bytes).
    Removing apm32f10x_usart.o(.ARM.exidx.text.USART_TxData), (8 bytes).
    Removing apm32f10x_usart.o(.text.USART_RxData), (16 bytes).
    Removing apm32f10x_usart.o(.ARM.exidx.text.USART_RxData), (8 bytes).
    Removing apm32f10x_usart.o(.text.USART_TxBreak), (18 bytes).
    Removing apm32f10x_usart.o(.ARM.exidx.text.USART_TxBreak), (8 bytes).
    Removing apm32f10x_usart.o(.text.USART_ConfigGuardTime), (30 bytes).
    Removing apm32f10x_usart.o(.ARM.exidx.text.USART_ConfigGuardTime), (8 bytes).
    Removing apm32f10x_usart.o(.text.USART_ConfigPrescaler), (28 bytes).
    Removing apm32f10x_usart.o(.ARM.exidx.text.USART_ConfigPrescaler), (8 bytes).
    Removing apm32f10x_usart.o(.text.USART_EnableSmartCard), (18 bytes).
    Removing apm32f10x_usart.o(.ARM.exidx.text.USART_EnableSmartCard), (8 bytes).
    Removing apm32f10x_usart.o(.text.USART_DisableSmartCard), (18 bytes).
    Removing apm32f10x_usart.o(.ARM.exidx.text.USART_DisableSmartCard), (8 bytes).
    Removing apm32f10x_usart.o(.text.USART_EnableSmartCardNACK), (18 bytes).
    Removing apm32f10x_usart.o(.ARM.exidx.text.USART_EnableSmartCardNACK), (8 bytes).
    Removing apm32f10x_usart.o(.text.USART_DisableSmartCardNACK), (18 bytes).
    Removing apm32f10x_usart.o(.ARM.exidx.text.USART_DisableSmartCardNACK), (8 bytes).
    Removing apm32f10x_usart.o(.text.USART_EnableHalfDuplex), (18 bytes).
    Removing apm32f10x_usart.o(.ARM.exidx.text.USART_EnableHalfDuplex), (8 bytes).
    Removing apm32f10x_usart.o(.text.USART_DisableHalfDuplex), (18 bytes).
    Removing apm32f10x_usart.o(.ARM.exidx.text.USART_DisableHalfDuplex), (8 bytes).
    Removing apm32f10x_usart.o(.text.USART_ConfigIrDA), (34 bytes).
    Removing apm32f10x_usart.o(.ARM.exidx.text.USART_ConfigIrDA), (8 bytes).
    Removing apm32f10x_usart.o(.text.USART_EnableIrDA), (18 bytes).
    Removing apm32f10x_usart.o(.ARM.exidx.text.USART_EnableIrDA), (8 bytes).
    Removing apm32f10x_usart.o(.text.USART_DisableIrDA), (18 bytes).
    Removing apm32f10x_usart.o(.ARM.exidx.text.USART_DisableIrDA), (8 bytes).
    Removing apm32f10x_usart.o(.text.USART_EnableInterrupt), (86 bytes).
    Removing apm32f10x_usart.o(.ARM.exidx.text.USART_EnableInterrupt), (8 bytes).
    Removing apm32f10x_usart.o(.text.USART_DisableInterrupt), (94 bytes).
    Removing apm32f10x_usart.o(.ARM.exidx.text.USART_DisableInterrupt), (8 bytes).
    Removing apm32f10x_usart.o(.text.USART_ReadStatusFlag), (28 bytes).
    Removing apm32f10x_usart.o(.ARM.exidx.text.USART_ReadStatusFlag), (8 bytes).
    Removing apm32f10x_usart.o(.text.USART_ClearStatusFlag), (24 bytes).
    Removing apm32f10x_usart.o(.ARM.exidx.text.USART_ClearStatusFlag), (8 bytes).
    Removing apm32f10x_usart.o(.text.USART_ReadIntFlag), (132 bytes).
    Removing apm32f10x_usart.o(.ARM.exidx.text.USART_ReadIntFlag), (8 bytes).
    Removing apm32f10x_usart.o(.text.USART_ClearIntFlag), (34 bytes).
    Removing apm32f10x_usart.o(.ARM.exidx.text.USART_ClearIntFlag), (8 bytes).
    Removing system_apm32f10x.o(.text), (0 bytes).
    Removing system_apm32f10x.o(.ARM.exidx.text.SystemInit), (8 bytes).
    Removing system_apm32f10x.o(.ARM.exidx.text.SystemClockConfig), (8 bytes).
    Removing system_apm32f10x.o(.text.SystemCoreClockUpdate), (290 bytes).
    Removing system_apm32f10x.o(.ARM.exidx.text.SystemCoreClockUpdate), (8 bytes).
    Removing system_apm32f10x.o(.ARM.exidx.text.SystemClock72M), (8 bytes).
    Removing system_apm32f10x.o(.data.SystemCoreClock), (4 bytes).
    Removing system_apm32f10x.o(.rodata.cst16), (16 bytes).

571 unused section(s) (total 15808 bytes) removed from the image.

==============================================================================

Image Symbol Table

    Local Symbols

    Symbol Name                              Value     Ov Type        Size  Object(Section)

    ../clib/angel/boardlib.s                 0x00000000   Number         0  boardinit1.o ABSOLUTE
    ../clib/angel/boardlib.s                 0x00000000   Number         0  boardinit2.o ABSOLUTE
    ../clib/angel/boardlib.s                 0x00000000   Number         0  boardinit3.o ABSOLUTE
    ../clib/angel/boardlib.s                 0x00000000   Number         0  boardshut.o ABSOLUTE
    ../clib/angel/handlers.s                 0x00000000   Number         0  __scatter_zi.o ABSOLUTE
    ../clib/angel/kernel.s                   0x00000000   Number         0  __rtentry.o ABSOLUTE
    ../clib/angel/kernel.s                   0x00000000   Number         0  __rtentry2.o ABSOLUTE
    ../clib/angel/kernel.s                   0x00000000   Number         0  __rtentry4.o ABSOLUTE
    ../clib/angel/kernel.s                   0x00000000   Number         0  rtexit.o ABSOLUTE
    ../clib/angel/kernel.s                   0x00000000   Number         0  rtexit2.o ABSOLUTE
    ../clib/angel/rt.s                       0x00000000   Number         0  rt_raise.o ABSOLUTE
    ../clib/angel/scatter.s                  0x00000000   Number         0  __scatter.o ABSOLUTE
    ../clib/angel/startup.s                  0x00000000   Number         0  __main.o ABSOLUTE
    ../clib/angel/sys.s                      0x00000000   Number         0  sys_stackheap_outer.o ABSOLUTE
    ../clib/angel/sys.s                      0x00000000   Number         0  libspace.o ABSOLUTE
    ../clib/angel/sys.s                      0x00000000   Number         0  use_no_semi.o ABSOLUTE
    ../clib/angel/sys.s                      0x00000000   Number         0  indicate_semi.o ABSOLUTE
    ../clib/angel/sysapp.c                   0x00000000   Number         0  sys_exit.o ABSOLUTE
    ../clib/angel/sysapp.c                   0x00000000   Number         0  sys_exit_hlt.o ABSOLUTE
    ../clib/angel/sysapp.c                   0x00000000   Number         0  sys_command.o ABSOLUTE
    ../clib/angel/sysapp.c                   0x00000000   Number         0  sys_command_hlt.o ABSOLUTE
    ../clib/angel/sysapp.c                   0x00000000   Number         0  sys_wrch.o ABSOLUTE
    ../clib/angel/sysapp.c                   0x00000000   Number         0  sys_wrch_hlt.o ABSOLUTE
    ../clib/armsys.c                         0x00000000   Number         0  argv_veneer.o ABSOLUTE
    ../clib/armsys.c                         0x00000000   Number         0  argv_veneer.o ABSOLUTE
    ../clib/armsys.c                         0x00000000   Number         0  _get_argv_nomalloc.o ABSOLUTE
    ../clib/armsys.c                         0x00000000   Number         0  no_argv.o ABSOLUTE
    ../clib/heapalloc.c                      0x00000000   Number         0  hrguard.o ABSOLUTE
    ../clib/heapaux.c                        0x00000000   Number         0  heapauxi.o ABSOLUTE
    ../clib/libinit.s                        0x00000000   Number         0  libinit.o ABSOLUTE
    ../clib/libinit.s                        0x00000000   Number         0  libinit2.o ABSOLUTE
    ../clib/libinit.s                        0x00000000   Number         0  libshutdown.o ABSOLUTE
    ../clib/libinit.s                        0x00000000   Number         0  libshutdown2.o ABSOLUTE
    ../clib/signal.c                         0x00000000   Number         0  defsig_rtmem_outer.o ABSOLUTE
    ../clib/signal.c                         0x00000000   Number         0  defsig_rtmem_formal.o ABSOLUTE
    ../clib/signal.c                         0x00000000   Number         0  defsig_exit.o ABSOLUTE
    ../clib/signal.c                         0x00000000   Number         0  defsig_rtmem_inner.o ABSOLUTE
    ../clib/signal.c                         0x00000000   Number         0  __raise.o ABSOLUTE
    ../clib/signal.c                         0x00000000   Number         0  defsig_general.o ABSOLUTE
    ../clib/signal.c                         0x00000000   Number         0  defsig_abrt_inner.o ABSOLUTE
    ../clib/signal.c                         0x00000000   Number         0  defsig_fpe_inner.o ABSOLUTE
    ../clib/signal.c                         0x00000000   Number         0  defsig_rtred_inner.o ABSOLUTE
    ../clib/signal.c                         0x00000000   Number         0  defsig_stak_inner.o ABSOLUTE
    ../clib/signal.c                         0x00000000   Number         0  defsig_pvfn_inner.o ABSOLUTE
    ../clib/signal.c                         0x00000000   Number         0  defsig_cppl_inner.o ABSOLUTE
    ../clib/signal.c                         0x00000000   Number         0  defsig_segv_inner.o ABSOLUTE
    ../clib/signal.c                         0x00000000   Number         0  defsig_other.o ABSOLUTE
    ../clib/signal.s                         0x00000000   Number         0  defsig.o ABSOLUTE
    ../clib/stdlib.c                         0x00000000   Number         0  exit.o ABSOLUTE
    ../fplib/fpinit.s                        0x00000000   Number         0  fpinit.o ABSOLUTE
    ../fplib/fpinit_empty.s                  0x00000000   Number         0  fpinit_empty.o ABSOLUTE
    RTE/Device/APM32F103ZE/startup_apm32f10x_hd.s 0x00000000   Number         0  startup_apm32f10x_hd.o ABSOLUTE
    adc1282.c                                0x00000000   Number         0  adc1282.o ABSOLUTE
    apm32f10x_dma.c                          0x00000000   Number         0  apm32f10x_dma.o ABSOLUTE
    apm32f10x_eint.c                         0x00000000   Number         0  apm32f10x_eint.o ABSOLUTE
    apm32f10x_gpio.c                         0x00000000   Number         0  apm32f10x_gpio.o ABSOLUTE
    apm32f10x_misc.c                         0x00000000   Number         0  apm32f10x_misc.o ABSOLUTE
    apm32f10x_rcm.c                          0x00000000   Number         0  apm32f10x_rcm.o ABSOLUTE
    apm32f10x_spi.c                          0x00000000   Number         0  apm32f10x_spi.o ABSOLUTE
    apm32f10x_tmr.c                          0x00000000   Number         0  apm32f10x_tmr.o ABSOLUTE
    apm32f10x_usart.c                        0x00000000   Number         0  apm32f10x_usart.o ABSOLUTE
    dc.s                                     0x00000000   Number         0  dc.o ABSOLUTE
    main.c                                   0x00000000   Number         0  main.o ABSOLUTE
    system_apm32f10x.c                       0x00000000   Number         0  system_apm32f10x.o ABSOLUTE
    RESET                                    0x08000000   Section      324  startup_apm32f10x_hd.o(RESET)
    !!!main                                  0x08000144   Section        8  __main.o(!!!main)
    !!!scatter                               0x0800014c   Section       52  __scatter.o(!!!scatter)
    !!handler_zi                             0x08000180   Section       28  __scatter_zi.o(!!handler_zi)
    .ARM.Collect$$libinit$$00000000          0x0800019c   Section        2  libinit.o(.ARM.Collect$$libinit$$00000000)
    .ARM.Collect$$libinit$$00000002          0x0800019e   Section        0  libinit2.o(.ARM.Collect$$libinit$$00000002)
    .ARM.Collect$$libinit$$00000004          0x0800019e   Section        0  libinit2.o(.ARM.Collect$$libinit$$00000004)
    .ARM.Collect$$libinit$$00000006          0x0800019e   Section        0  libinit2.o(.ARM.Collect$$libinit$$00000006)
    .ARM.Collect$$libinit$$0000000C          0x0800019e   Section        0  libinit2.o(.ARM.Collect$$libinit$$0000000C)
    .ARM.Collect$$libinit$$0000000E          0x0800019e   Section        0  libinit2.o(.ARM.Collect$$libinit$$0000000E)
    .ARM.Collect$$libinit$$00000010          0x0800019e   Section        0  libinit2.o(.ARM.Collect$$libinit$$00000010)
    .ARM.Collect$$libinit$$00000013          0x0800019e   Section        0  libinit2.o(.ARM.Collect$$libinit$$00000013)
    .ARM.Collect$$libinit$$00000015          0x0800019e   Section        0  libinit2.o(.ARM.Collect$$libinit$$00000015)
    .ARM.Collect$$libinit$$00000017          0x0800019e   Section        0  libinit2.o(.ARM.Collect$$libinit$$00000017)
    .ARM.Collect$$libinit$$00000019          0x0800019e   Section        0  libinit2.o(.ARM.Collect$$libinit$$00000019)
    .ARM.Collect$$libinit$$0000001B          0x0800019e   Section        0  libinit2.o(.ARM.Collect$$libinit$$0000001B)
    .ARM.Collect$$libinit$$0000001D          0x0800019e   Section        0  libinit2.o(.ARM.Collect$$libinit$$0000001D)
    .ARM.Collect$$libinit$$0000001F          0x0800019e   Section        0  libinit2.o(.ARM.Collect$$libinit$$0000001F)
    .ARM.Collect$$libinit$$00000021          0x0800019e   Section        0  libinit2.o(.ARM.Collect$$libinit$$00000021)
    .ARM.Collect$$libinit$$00000023          0x0800019e   Section        0  libinit2.o(.ARM.Collect$$libinit$$00000023)
    .ARM.Collect$$libinit$$00000025          0x0800019e   Section        0  libinit2.o(.ARM.Collect$$libinit$$00000025)
    .ARM.Collect$$libinit$$00000027          0x0800019e   Section        0  libinit2.o(.ARM.Collect$$libinit$$00000027)
    .ARM.Collect$$libinit$$0000002E          0x0800019e   Section        0  libinit2.o(.ARM.Collect$$libinit$$0000002E)
    .ARM.Collect$$libinit$$00000030          0x0800019e   Section        0  libinit2.o(.ARM.Collect$$libinit$$00000030)
    .ARM.Collect$$libinit$$00000032          0x0800019e   Section        0  libinit2.o(.ARM.Collect$$libinit$$00000032)
    .ARM.Collect$$libinit$$00000034          0x0800019e   Section        0  libinit2.o(.ARM.Collect$$libinit$$00000034)
    .ARM.Collect$$libinit$$00000035          0x0800019e   Section        2  libinit2.o(.ARM.Collect$$libinit$$00000035)
    .ARM.Collect$$libshutdown$$00000000      0x080001a0   Section        2  libshutdown.o(.ARM.Collect$$libshutdown$$00000000)
    .ARM.Collect$$libshutdown$$00000002      0x080001a2   Section        0  libshutdown2.o(.ARM.Collect$$libshutdown$$00000002)
    .ARM.Collect$$libshutdown$$00000004      0x080001a2   Section        0  libshutdown2.o(.ARM.Collect$$libshutdown$$00000004)
    .ARM.Collect$$libshutdown$$00000007      0x080001a2   Section        0  libshutdown2.o(.ARM.Collect$$libshutdown$$00000007)
    .ARM.Collect$$libshutdown$$0000000A      0x080001a2   Section        0  libshutdown2.o(.ARM.Collect$$libshutdown$$0000000A)
    .ARM.Collect$$libshutdown$$0000000C      0x080001a2   Section        0  libshutdown2.o(.ARM.Collect$$libshutdown$$0000000C)
    .ARM.Collect$$libshutdown$$0000000F      0x080001a2   Section        0  libshutdown2.o(.ARM.Collect$$libshutdown$$0000000F)
    .ARM.Collect$$libshutdown$$00000010      0x080001a2   Section        2  libshutdown2.o(.ARM.Collect$$libshutdown$$00000010)
    .ARM.Collect$$rtentry$$00000000          0x080001a4   Section        0  __rtentry.o(.ARM.Collect$$rtentry$$00000000)
    .ARM.Collect$$rtentry$$00000002          0x080001a4   Section        0  __rtentry2.o(.ARM.Collect$$rtentry$$00000002)
    .ARM.Collect$$rtentry$$00000004          0x080001a4   Section        6  __rtentry4.o(.ARM.Collect$$rtentry$$00000004)
    .ARM.Collect$$rtentry$$00000009          0x080001aa   Section        0  __rtentry2.o(.ARM.Collect$$rtentry$$00000009)
    .ARM.Collect$$rtentry$$0000000A          0x080001aa   Section        4  __rtentry2.o(.ARM.Collect$$rtentry$$0000000A)
    .ARM.Collect$$rtentry$$0000000C          0x080001ae   Section        0  __rtentry2.o(.ARM.Collect$$rtentry$$0000000C)
    .ARM.Collect$$rtentry$$0000000D          0x080001ae   Section        8  __rtentry2.o(.ARM.Collect$$rtentry$$0000000D)
    .ARM.Collect$$rtexit$$00000000           0x080001b6   Section        2  rtexit.o(.ARM.Collect$$rtexit$$00000000)
    .ARM.Collect$$rtexit$$00000002           0x080001b8   Section        0  rtexit2.o(.ARM.Collect$$rtexit$$00000002)
    .ARM.Collect$$rtexit$$00000003           0x080001b8   Section        4  rtexit2.o(.ARM.Collect$$rtexit$$00000003)
    .ARM.Collect$$rtexit$$00000004           0x080001bc   Section        6  rtexit2.o(.ARM.Collect$$rtexit$$00000004)
    .text                                    0x080001c4   Section       64  startup_apm32f10x_hd.o(.text)
    .text                                    0x08000204   Section        0  heapauxi.o(.text)
    .text                                    0x0800020a   Section       74  sys_stackheap_outer.o(.text)
    .text                                    0x08000254   Section        0  exit.o(.text)
    .text                                    0x08000268   Section        8  libspace.o(.text)
    .text                                    0x08000270   Section        0  sys_exit.o(.text)
    .text                                    0x0800027c   Section        2  use_no_semi.o(.text)
    .text                                    0x0800027e   Section        0  indicate_semi.o(.text)
    [Anonymous Symbol]                       0x08000280   Section        0  adc1282.o(.text.ADS1282_init)
    [Anonymous Symbol]                       0x080002a4   Section        0  adc1282.o(.text.CLK_hith)
    [Anonymous Symbol]                       0x080002b8   Section        0  main.o(.text.Delay)
    [Anonymous Symbol]                       0x080002e0   Section        0  apm32f10x_gpio.o(.text.GPIO_Config)
    [Anonymous Symbol]                       0x0800044c   Section        0  apm32f10x_gpio.o(.text.GPIO_ConfigPinRemap)
    [Anonymous Symbol]                       0x08000500   Section        0  apm32f10x_gpio.o(.text.GPIO_ResetBit)
    [Anonymous Symbol]                       0x08000514   Section        0  apm32f10x_gpio.o(.text.GPIO_SetBit)
    [Anonymous Symbol]                       0x08000528   Section        0  apm32f10x_rcm.o(.text.RCM_EnableAPB2PeriphClock)
    [Anonymous Symbol]                       0x08000540   Section        0  apm32f10x_rcm.o(.text.RCM_ReadHCLKFreq)
    [Anonymous Symbol]                       0x08000588   Section        0  apm32f10x_rcm.o(.text.RCM_ReadPCLKFreq)
    [Anonymous Symbol]                       0x080005f4   Section        0  apm32f10x_rcm.o(.text.RCM_ReadSYSCLKFreq)
    [Anonymous Symbol]                       0x080006ac   Section        0  apm32f10x_spi.o(.text.SPI_Config)
    [Anonymous Symbol]                       0x080006fc   Section        0  apm32f10x_spi.o(.text.SPI_Enable)
    SystemClock72M                           0x08000711   Thumb Code   250  system_apm32f10x.o(.text.SystemClock72M)
    [Anonymous Symbol]                       0x08000710   Section        0  system_apm32f10x.o(.text.SystemClock72M)
    SystemClockConfig                        0x0800080d   Thumb Code     8  system_apm32f10x.o(.text.SystemClockConfig)
    [Anonymous Symbol]                       0x0800080c   Section        0  system_apm32f10x.o(.text.SystemClockConfig)
    [Anonymous Symbol]                       0x08000814   Section        0  system_apm32f10x.o(.text.SystemInit)
    [Anonymous Symbol]                       0x0800087c   Section        0  main.o(.text.UART_config)
    [Anonymous Symbol]                       0x080008c0   Section        0  apm32f10x_usart.o(.text.USART_Config)
    [Anonymous Symbol]                       0x080009ac   Section        0  apm32f10x_usart.o(.text.USART_Enable)
    [Anonymous Symbol]                       0x080009c0   Section        0  apm32f10x_usart.o(.text.USART_EnableRx)
    [Anonymous Symbol]                       0x080009d4   Section        0  apm32f10x_usart.o(.text.USART_EnableTx)
    [Anonymous Symbol]                       0x080009e8   Section        0  adc1282.o(.text.config_ads)
    [Anonymous Symbol]                       0x08000ac4   Section        0  main.o(.text.init_LED)
    [Anonymous Symbol]                       0x08000af4   Section        0  main.o(.text.init_UART)
    [Anonymous Symbol]                       0x08000b50   Section        0  main.o(.text.main)
    [Anonymous Symbol]                       0x08000c14   Section        0  adc1282.o(.text.nPWDN_hith)
    [Anonymous Symbol]                       0x08000c28   Section        0  adc1282.o(.text.nReset_hith)
    [Anonymous Symbol]                       0x08000c3c   Section        0  adc1282.o(.text.nReset_low)
    [Anonymous Symbol]                       0x08000c50   Section        0  main.o(.text.send_str)
    [Anonymous Symbol]                       0x08000c8c   Section        0  adc1282.o(.text.spi_init)
    [Anonymous Symbol]                       0x08000d2c   Section        0  adc1282.o(.text.spi_tx)
    [Anonymous Symbol]                       0x08000d50   Section        0  main.o(.text.uart_tx)
    .L.str.1                                 0x08000d74   Data          13  main.o(.rodata.str1.1)
    [Anonymous Symbol]                       0x08000d74   Section        0  main.o(.rodata.str1.1)
    .L.str                                   0x08000d81   Data          16  main.o(.rodata.str1.1)
    .bss                                     0x20000000   Section       96  libspace.o(.bss)
    Heap_Mem                                 0x20000060   Data         512  startup_apm32f10x_hd.o(HEAP)
    HEAP                                     0x20000060   Section      512  startup_apm32f10x_hd.o(HEAP)
    Stack_Mem                                0x20000260   Data        1024  startup_apm32f10x_hd.o(STACK)
    STACK                                    0x20000260   Section     1024  startup_apm32f10x_hd.o(STACK)
    __initial_sp                             0x20000660   Data           0  startup_apm32f10x_hd.o(STACK)

    Global Symbols

    Symbol Name                              Value     Ov Type        Size  Object(Section)

    BuildAttributes$$THM_ISAv4$P$D$K$B$S$PE$A:L22UL41UL21$X:L11$S22US41US21$IEEE1$IW$~IW$USESV6$~STKCKD$USESV7$~SHL$OSPACE$ROPI$EBA8$UX$STANDARDLIB$REQ8$PRES8$EABIv2 0x00000000   Number         0  anon$$obj.o ABSOLUTE
    __fp_init_empty                          0x00000000   Number         0  fpinit_empty.o ABSOLUTE
    __ARM_exceptions_init                     - Undefined Weak Reference
    __alloca_initialize                       - Undefined Weak Reference
    __arm_preinit_                            - Undefined Weak Reference
    __arm_relocate_pie_                       - Undefined Weak Reference
    __cpp_initialize__aeabi_                  - Undefined Weak Reference
    __cxa_finalize                            - Undefined Weak Reference
    __rt_locale                               - Undefined Weak Reference
    __sigvec_lookup                           - Undefined Weak Reference
    _atexit_init                              - Undefined Weak Reference
    _call_atexit_fns                          - Undefined Weak Reference
    _clock_init                               - Undefined Weak Reference
    _fp_trap_init                             - Undefined Weak Reference
    _fp_trap_shutdown                         - Undefined Weak Reference
    _get_lc_collate                           - Undefined Weak Reference
    _get_lc_ctype                             - Undefined Weak Reference
    _get_lc_monetary                          - Undefined Weak Reference
    _get_lc_numeric                           - Undefined Weak Reference
    _get_lc_time                              - Undefined Weak Reference
    _getenv_init                              - Undefined Weak Reference
    _handle_redirection                       - Undefined Weak Reference
    _init_alloc                               - Undefined Weak Reference
    _init_user_alloc                          - Undefined Weak Reference
    _initio                                   - Undefined Weak Reference
    _rand_init                                - Undefined Weak Reference
    _signal_finish                            - Undefined Weak Reference
    _signal_init                              - Undefined Weak Reference
    _terminate_alloc                          - Undefined Weak Reference
    _terminate_user_alloc                     - Undefined Weak Reference
    _terminateio                              - Undefined Weak Reference
    __Vectors_Size                           0x00000144   Number         0  startup_apm32f10x_hd.o ABSOLUTE
    __Vectors                                0x08000000   Data           4  startup_apm32f10x_hd.o(RESET)
    __Vectors_End                            0x08000144   Data           0  startup_apm32f10x_hd.o(RESET)
    __main                                   0x08000145   Thumb Code     8  __main.o(!!!main)
    __scatterload                            0x0800014d   Thumb Code     0  __scatter.o(!!!scatter)
    __scatterload_rt2                        0x0800014d   Thumb Code    44  __scatter.o(!!!scatter)
    __scatterload_rt2_thumb_only             0x0800014d   Thumb Code     0  __scatter.o(!!!scatter)
    __scatterload_null                       0x0800015b   Thumb Code     0  __scatter.o(!!!scatter)
    __scatterload_zeroinit                   0x08000181   Thumb Code    28  __scatter_zi.o(!!handler_zi)
    __rt_lib_init                            0x0800019d   Thumb Code     0  libinit.o(.ARM.Collect$$libinit$$00000000)
    __rt_lib_init_alloca_1                   0x0800019f   Thumb Code     0  libinit2.o(.ARM.Collect$$libinit$$00000030)
    __rt_lib_init_argv_1                     0x0800019f   Thumb Code     0  libinit2.o(.ARM.Collect$$libinit$$0000002E)
    __rt_lib_init_atexit_1                   0x0800019f   Thumb Code     0  libinit2.o(.ARM.Collect$$libinit$$0000001D)
    __rt_lib_init_clock_1                    0x0800019f   Thumb Code     0  libinit2.o(.ARM.Collect$$libinit$$00000023)
    __rt_lib_init_cpp_1                      0x0800019f   Thumb Code     0  libinit2.o(.ARM.Collect$$libinit$$00000034)
    __rt_lib_init_exceptions_1               0x0800019f   Thumb Code     0  libinit2.o(.ARM.Collect$$libinit$$00000032)
    __rt_lib_init_fp_1                       0x0800019f   Thumb Code     0  libinit2.o(.ARM.Collect$$libinit$$00000002)
    __rt_lib_init_fp_trap_1                  0x0800019f   Thumb Code     0  libinit2.o(.ARM.Collect$$libinit$$00000021)
    __rt_lib_init_getenv_1                   0x0800019f   Thumb Code     0  libinit2.o(.ARM.Collect$$libinit$$00000025)
    __rt_lib_init_heap_1                     0x0800019f   Thumb Code     0  libinit2.o(.ARM.Collect$$libinit$$0000000C)
    __rt_lib_init_lc_collate_1               0x0800019f   Thumb Code     0  libinit2.o(.ARM.Collect$$libinit$$00000013)
    __rt_lib_init_lc_ctype_1                 0x0800019f   Thumb Code     0  libinit2.o(.ARM.Collect$$libinit$$00000015)
    __rt_lib_init_lc_monetary_1              0x0800019f   Thumb Code     0  libinit2.o(.ARM.Collect$$libinit$$00000017)
    __rt_lib_init_lc_numeric_1               0x0800019f   Thumb Code     0  libinit2.o(.ARM.Collect$$libinit$$00000019)
    __rt_lib_init_lc_time_1                  0x0800019f   Thumb Code     0  libinit2.o(.ARM.Collect$$libinit$$0000001B)
    __rt_lib_init_preinit_1                  0x0800019f   Thumb Code     0  libinit2.o(.ARM.Collect$$libinit$$00000006)
    __rt_lib_init_rand_1                     0x0800019f   Thumb Code     0  libinit2.o(.ARM.Collect$$libinit$$00000010)
    __rt_lib_init_relocate_pie_1             0x0800019f   Thumb Code     0  libinit2.o(.ARM.Collect$$libinit$$00000004)
    __rt_lib_init_return                     0x0800019f   Thumb Code     0  libinit2.o(.ARM.Collect$$libinit$$00000035)
    __rt_lib_init_signal_1                   0x0800019f   Thumb Code     0  libinit2.o(.ARM.Collect$$libinit$$0000001F)
    __rt_lib_init_stdio_1                    0x0800019f   Thumb Code     0  libinit2.o(.ARM.Collect$$libinit$$00000027)
    __rt_lib_init_user_alloc_1               0x0800019f   Thumb Code     0  libinit2.o(.ARM.Collect$$libinit$$0000000E)
    __rt_lib_shutdown                        0x080001a1   Thumb Code     0  libshutdown.o(.ARM.Collect$$libshutdown$$00000000)
    __rt_lib_shutdown_cpp_1                  0x080001a3   Thumb Code     0  libshutdown2.o(.ARM.Collect$$libshutdown$$00000002)
    __rt_lib_shutdown_fp_trap_1              0x080001a3   Thumb Code     0  libshutdown2.o(.ARM.Collect$$libshutdown$$00000007)
    __rt_lib_shutdown_heap_1                 0x080001a3   Thumb Code     0  libshutdown2.o(.ARM.Collect$$libshutdown$$0000000F)
    __rt_lib_shutdown_return                 0x080001a3   Thumb Code     0  libshutdown2.o(.ARM.Collect$$libshutdown$$00000010)
    __rt_lib_shutdown_signal_1               0x080001a3   Thumb Code     0  libshutdown2.o(.ARM.Collect$$libshutdown$$0000000A)
    __rt_lib_shutdown_stdio_1                0x080001a3   Thumb Code     0  libshutdown2.o(.ARM.Collect$$libshutdown$$00000004)
    __rt_lib_shutdown_user_alloc_1           0x080001a3   Thumb Code     0  libshutdown2.o(.ARM.Collect$$libshutdown$$0000000C)
    __rt_entry                               0x080001a5   Thumb Code     0  __rtentry.o(.ARM.Collect$$rtentry$$00000000)
    __rt_entry_presh_1                       0x080001a5   Thumb Code     0  __rtentry2.o(.ARM.Collect$$rtentry$$00000002)
    __rt_entry_sh                            0x080001a5   Thumb Code     0  __rtentry4.o(.ARM.Collect$$rtentry$$00000004)
    __rt_entry_li                            0x080001ab   Thumb Code     0  __rtentry2.o(.ARM.Collect$$rtentry$$0000000A)
    __rt_entry_postsh_1                      0x080001ab   Thumb Code     0  __rtentry2.o(.ARM.Collect$$rtentry$$00000009)
    __rt_entry_main                          0x080001af   Thumb Code     0  __rtentry2.o(.ARM.Collect$$rtentry$$0000000D)
    __rt_entry_postli_1                      0x080001af   Thumb Code     0  __rtentry2.o(.ARM.Collect$$rtentry$$0000000C)
    __rt_exit                                0x080001b7   Thumb Code     0  rtexit.o(.ARM.Collect$$rtexit$$00000000)
    __rt_exit_ls                             0x080001b9   Thumb Code     0  rtexit2.o(.ARM.Collect$$rtexit$$00000003)
    __rt_exit_prels_1                        0x080001b9   Thumb Code     0  rtexit2.o(.ARM.Collect$$rtexit$$00000002)
    __rt_exit_exit                           0x080001bd   Thumb Code     0  rtexit2.o(.ARM.Collect$$rtexit$$00000004)
    Reset_Handler                            0x080001c5   Thumb Code     8  startup_apm32f10x_hd.o(.text)
    NMI_Handler                              0x080001cd   Thumb Code     2  startup_apm32f10x_hd.o(.text)
    HardFault_Handler                        0x080001cf   Thumb Code     2  startup_apm32f10x_hd.o(.text)
    MemManage_Handler                        0x080001d1   Thumb Code     2  startup_apm32f10x_hd.o(.text)
    BusFault_Handler                         0x080001d3   Thumb Code     2  startup_apm32f10x_hd.o(.text)
    UsageFault_Handler                       0x080001d5   Thumb Code     2  startup_apm32f10x_hd.o(.text)
    SVC_Handler                              0x080001d7   Thumb Code     2  startup_apm32f10x_hd.o(.text)
    DebugMon_Handler                         0x080001d9   Thumb Code     2  startup_apm32f10x_hd.o(.text)
    PendSV_Handler                           0x080001db   Thumb Code     2  startup_apm32f10x_hd.o(.text)
    SysTick_Handler                          0x080001dd   Thumb Code     2  startup_apm32f10x_hd.o(.text)
    ADC1_2_IRQHandler                        0x080001df   Thumb Code     0  startup_apm32f10x_hd.o(.text)
    ADC3_IRQHandler                          0x080001df   Thumb Code     0  startup_apm32f10x_hd.o(.text)
    CAN1_RX1_IRQHandler                      0x080001df   Thumb Code     0  startup_apm32f10x_hd.o(.text)
    CAN1_SCE_IRQHandler                      0x080001df   Thumb Code     0  startup_apm32f10x_hd.o(.text)
    CAN2_RX1_IRQHandler                      0x080001df   Thumb Code     0  startup_apm32f10x_hd.o(.text)
    CAN2_SCE_IRQHandler                      0x080001df   Thumb Code     0  startup_apm32f10x_hd.o(.text)
    DMA1_Channel1_IRQHandler                 0x080001df   Thumb Code     0  startup_apm32f10x_hd.o(.text)
    DMA1_Channel2_IRQHandler                 0x080001df   Thumb Code     0  startup_apm32f10x_hd.o(.text)
    DMA1_Channel3_IRQHandler                 0x080001df   Thumb Code     0  startup_apm32f10x_hd.o(.text)
    DMA1_Channel4_IRQHandler                 0x080001df   Thumb Code     0  startup_apm32f10x_hd.o(.text)
    DMA1_Channel5_IRQHandler                 0x080001df   Thumb Code     0  startup_apm32f10x_hd.o(.text)
    DMA1_Channel6_IRQHandler                 0x080001df   Thumb Code     0  startup_apm32f10x_hd.o(.text)
    DMA1_Channel7_IRQHandler                 0x080001df   Thumb Code     0  startup_apm32f10x_hd.o(.text)
    DMA2_Channel1_IRQHandler                 0x080001df   Thumb Code     0  startup_apm32f10x_hd.o(.text)
    DMA2_Channel2_IRQHandler                 0x080001df   Thumb Code     0  startup_apm32f10x_hd.o(.text)
    DMA2_Channel3_IRQHandler                 0x080001df   Thumb Code     0  startup_apm32f10x_hd.o(.text)
    DMA2_Channel4_5_IRQHandler               0x080001df   Thumb Code     0  startup_apm32f10x_hd.o(.text)
    EINT0_IRQHandler                         0x080001df   Thumb Code     0  startup_apm32f10x_hd.o(.text)
    EINT15_10_IRQHandler                     0x080001df   Thumb Code     0  startup_apm32f10x_hd.o(.text)
    EINT1_IRQHandler                         0x080001df   Thumb Code     0  startup_apm32f10x_hd.o(.text)
    EINT2_IRQHandler                         0x080001df   Thumb Code     0  startup_apm32f10x_hd.o(.text)
    EINT3_IRQHandler                         0x080001df   Thumb Code     0  startup_apm32f10x_hd.o(.text)
    EINT4_IRQHandler                         0x080001df   Thumb Code     0  startup_apm32f10x_hd.o(.text)
    EINT9_5_IRQHandler                       0x080001df   Thumb Code     0  startup_apm32f10x_hd.o(.text)
    EMMC_IRQHandler                          0x080001df   Thumb Code     0  startup_apm32f10x_hd.o(.text)
    FLASH_IRQHandler                         0x080001df   Thumb Code     0  startup_apm32f10x_hd.o(.text)
    I2C1_ER_IRQHandler                       0x080001df   Thumb Code     0  startup_apm32f10x_hd.o(.text)
    I2C1_EV_IRQHandler                       0x080001df   Thumb Code     0  startup_apm32f10x_hd.o(.text)
    I2C2_ER_IRQHandler                       0x080001df   Thumb Code     0  startup_apm32f10x_hd.o(.text)
    I2C2_EV_IRQHandler                       0x080001df   Thumb Code     0  startup_apm32f10x_hd.o(.text)
    PVD_IRQHandler                           0x080001df   Thumb Code     0  startup_apm32f10x_hd.o(.text)
    RCM_IRQHandler                           0x080001df   Thumb Code     0  startup_apm32f10x_hd.o(.text)
    RTCAlarm_IRQHandler                      0x080001df   Thumb Code     0  startup_apm32f10x_hd.o(.text)
    RTC_IRQHandler                           0x080001df   Thumb Code     0  startup_apm32f10x_hd.o(.text)
    SDIO_IRQHandler                          0x080001df   Thumb Code     0  startup_apm32f10x_hd.o(.text)
    SPI1_IRQHandler                          0x080001df   Thumb Code     0  startup_apm32f10x_hd.o(.text)
    SPI2_IRQHandler                          0x080001df   Thumb Code     0  startup_apm32f10x_hd.o(.text)
    SPI3_IRQHandler                          0x080001df   Thumb Code     0  startup_apm32f10x_hd.o(.text)
    TAMPER_IRQHandler                        0x080001df   Thumb Code     0  startup_apm32f10x_hd.o(.text)
    TMR1_BRK_IRQHandler                      0x080001df   Thumb Code     0  startup_apm32f10x_hd.o(.text)
    TMR1_CC_IRQHandler                       0x080001df   Thumb Code     0  startup_apm32f10x_hd.o(.text)
    TMR1_TRG_COM_IRQHandler                  0x080001df   Thumb Code     0  startup_apm32f10x_hd.o(.text)
    TMR1_UP_IRQHandler                       0x080001df   Thumb Code     0  startup_apm32f10x_hd.o(.text)
    TMR2_IRQHandler                          0x080001df   Thumb Code     0  startup_apm32f10x_hd.o(.text)
    TMR3_IRQHandler                          0x080001df   Thumb Code     0  startup_apm32f10x_hd.o(.text)
    TMR4_IRQHandler                          0x080001df   Thumb Code     0  startup_apm32f10x_hd.o(.text)
    TMR5_IRQHandler                          0x080001df   Thumb Code     0  startup_apm32f10x_hd.o(.text)
    TMR6_IRQHandler                          0x080001df   Thumb Code     0  startup_apm32f10x_hd.o(.text)
    TMR7_IRQHandler                          0x080001df   Thumb Code     0  startup_apm32f10x_hd.o(.text)
    TMR8_BRK_IRQHandler                      0x080001df   Thumb Code     0  startup_apm32f10x_hd.o(.text)
    TMR8_CC_IRQHandler                       0x080001df   Thumb Code     0  startup_apm32f10x_hd.o(.text)
    TMR8_TRG_COM_IRQHandler                  0x080001df   Thumb Code     0  startup_apm32f10x_hd.o(.text)
    TMR8_UP_IRQHandler                       0x080001df   Thumb Code     0  startup_apm32f10x_hd.o(.text)
    UART4_IRQHandler                         0x080001df   Thumb Code     0  startup_apm32f10x_hd.o(.text)
    UART5_IRQHandler                         0x080001df   Thumb Code     0  startup_apm32f10x_hd.o(.text)
    USART1_IRQHandler                        0x080001df   Thumb Code     0  startup_apm32f10x_hd.o(.text)
    USART2_IRQHandler                        0x080001df   Thumb Code     0  startup_apm32f10x_hd.o(.text)
    USART3_IRQHandler                        0x080001df   Thumb Code     0  startup_apm32f10x_hd.o(.text)
    USBD1_HP_CAN1_TX_IRQHandler              0x080001df   Thumb Code     0  startup_apm32f10x_hd.o(.text)
    USBD1_LP_CAN1_RX0_IRQHandler             0x080001df   Thumb Code     0  startup_apm32f10x_hd.o(.text)
    USBD2_HP_CAN2_TX_IRQHandler              0x080001df   Thumb Code     0  startup_apm32f10x_hd.o(.text)
    USBD2_LP_CAN2_RX0_IRQHandler             0x080001df   Thumb Code     0  startup_apm32f10x_hd.o(.text)
    USBDWakeUp_IRQHandler                    0x080001df   Thumb Code     0  startup_apm32f10x_hd.o(.text)
    WWDT_IRQHandler                          0x080001df   Thumb Code     0  startup_apm32f10x_hd.o(.text)
    __user_initial_stackheap                 0x080001e1   Thumb Code     0  startup_apm32f10x_hd.o(.text)
    __use_two_region_memory                  0x08000205   Thumb Code     2  heapauxi.o(.text)
    __rt_heap_escrow$2region                 0x08000207   Thumb Code     2  heapauxi.o(.text)
    __rt_heap_expand$2region                 0x08000209   Thumb Code     2  heapauxi.o(.text)
    __user_setup_stackheap                   0x0800020b   Thumb Code    74  sys_stackheap_outer.o(.text)
    exit                                     0x08000255   Thumb Code    18  exit.o(.text)
    __user_libspace                          0x08000269   Thumb Code     8  libspace.o(.text)
    __user_perproc_libspace                  0x08000269   Thumb Code     0  libspace.o(.text)
    __user_perthread_libspace                0x08000269   Thumb Code     0  libspace.o(.text)
    _sys_exit                                0x08000271   Thumb Code     8  sys_exit.o(.text)
    __I$use$semihosting                      0x0800027d   Thumb Code     0  use_no_semi.o(.text)
    __use_no_semihosting_swi                 0x0800027d   Thumb Code     2  use_no_semi.o(.text)
    __semihosting_library_function           0x0800027f   Thumb Code     0  indicate_semi.o(.text)
    ADS1282_init                             0x08000281   Thumb Code    34  adc1282.o(.text.ADS1282_init)
    CLK_hith                                 0x080002a5   Thumb Code    20  adc1282.o(.text.CLK_hith)
    Delay                                    0x080002b9   Thumb Code    40  main.o(.text.Delay)
    GPIO_Config                              0x080002e1   Thumb Code   364  apm32f10x_gpio.o(.text.GPIO_Config)
    GPIO_ConfigPinRemap                      0x0800044d   Thumb Code   178  apm32f10x_gpio.o(.text.GPIO_ConfigPinRemap)
    GPIO_ResetBit                            0x08000501   Thumb Code    20  apm32f10x_gpio.o(.text.GPIO_ResetBit)
    GPIO_SetBit                              0x08000515   Thumb Code    20  apm32f10x_gpio.o(.text.GPIO_SetBit)
    RCM_EnableAPB2PeriphClock                0x08000529   Thumb Code    24  apm32f10x_rcm.o(.text.RCM_EnableAPB2PeriphClock)
    RCM_ReadHCLKFreq                         0x08000541   Thumb Code    70  apm32f10x_rcm.o(.text.RCM_ReadHCLKFreq)
    RCM_ReadPCLKFreq                         0x08000589   Thumb Code   108  apm32f10x_rcm.o(.text.RCM_ReadPCLKFreq)
    RCM_ReadSYSCLKFreq                       0x080005f5   Thumb Code   182  apm32f10x_rcm.o(.text.RCM_ReadSYSCLKFreq)
    SPI_Config                               0x080006ad   Thumb Code    80  apm32f10x_spi.o(.text.SPI_Config)
    SPI_Enable                               0x080006fd   Thumb Code    18  apm32f10x_spi.o(.text.SPI_Enable)
    SystemInit                               0x08000815   Thumb Code   102  system_apm32f10x.o(.text.SystemInit)
    UART_config                              0x0800087d   Thumb Code    68  main.o(.text.UART_config)
    USART_Config                             0x080008c1   Thumb Code   236  apm32f10x_usart.o(.text.USART_Config)
    USART_Enable                             0x080009ad   Thumb Code    18  apm32f10x_usart.o(.text.USART_Enable)
    USART_EnableRx                           0x080009c1   Thumb Code    18  apm32f10x_usart.o(.text.USART_EnableRx)
    USART_EnableTx                           0x080009d5   Thumb Code    18  apm32f10x_usart.o(.text.USART_EnableTx)
    config_ads                               0x080009e9   Thumb Code   220  adc1282.o(.text.config_ads)
    init_LED                                 0x08000ac5   Thumb Code    46  main.o(.text.init_LED)
    init_UART                                0x08000af5   Thumb Code    92  main.o(.text.init_UART)
    main                                     0x08000b51   Thumb Code   196  main.o(.text.main)
    nPWDN_hith                               0x08000c15   Thumb Code    20  adc1282.o(.text.nPWDN_hith)
    nReset_hith                              0x08000c29   Thumb Code    20  adc1282.o(.text.nReset_hith)
    nReset_low                               0x08000c3d   Thumb Code    20  adc1282.o(.text.nReset_low)
    send_str                                 0x08000c51   Thumb Code    58  main.o(.text.send_str)
    spi_init                                 0x08000c8d   Thumb Code   160  adc1282.o(.text.spi_init)
    spi_tx                                   0x08000d2d   Thumb Code    36  adc1282.o(.text.spi_tx)
    uart_tx                                  0x08000d51   Thumb Code    36  main.o(.text.uart_tx)
    Region$$Table$$Base                      0x08000d94   Number         0  anon$$obj.o(Region$$Table)
    Region$$Table$$Limit                     0x08000da4   Number         0  anon$$obj.o(Region$$Table)
    __libspace_start                         0x20000000   Data          96  libspace.o(.bss)
    __temporary_stack_top$libspace           0x20000060   Data           0  libspace.o(.bss)



==============================================================================

Memory Map of the image

  Image Entry point : 0x08000145

  Load Region LR_IROM1 (Base: 0x08000000, Size: 0x00000da4, Max: 0x00080000, ABSOLUTE)

    Execution Region ER_IROM1 (Exec base: 0x08000000, Load base: 0x08000000, Size: 0x00000da4, Max: 0x00080000, ABSOLUTE)

    Exec Addr    Load Addr    Size         Type   Attr      Idx    E Section Name        Object

    0x08000000   0x08000000   0x00000144   Data   RO          656    RESET               startup_apm32f10x_hd.o
    0x08000144   0x08000144   0x00000008   Code   RO          684  * !!!main             c_w.l(__main.o)
    0x0800014c   0x0800014c   0x00000034   Code   RO          849    !!!scatter          c_w.l(__scatter.o)
    0x08000180   0x08000180   0x0000001c   Code   RO          851    !!handler_zi        c_w.l(__scatter_zi.o)
    0x0800019c   0x0800019c   0x00000002   Code   RO          711    .ARM.Collect$$libinit$$00000000  c_w.l(libinit.o)
    0x0800019e   0x0800019e   0x00000000   Code   RO          718    .ARM.Collect$$libinit$$00000002  c_w.l(libinit2.o)
    0x0800019e   0x0800019e   0x00000000   Code   RO          720    .ARM.Collect$$libinit$$00000004  c_w.l(libinit2.o)
    0x0800019e   0x0800019e   0x00000000   Code   RO          722    .ARM.Collect$$libinit$$00000006  c_w.l(libinit2.o)
    0x0800019e   0x0800019e   0x00000000   Code   RO          725    .ARM.Collect$$libinit$$0000000C  c_w.l(libinit2.o)
    0x0800019e   0x0800019e   0x00000000   Code   RO          727    .ARM.Collect$$libinit$$0000000E  c_w.l(libinit2.o)
    0x0800019e   0x0800019e   0x00000000   Code   RO          729    .ARM.Collect$$libinit$$00000010  c_w.l(libinit2.o)
    0x0800019e   0x0800019e   0x00000000   Code   RO          732    .ARM.Collect$$libinit$$00000013  c_w.l(libinit2.o)
    0x0800019e   0x0800019e   0x00000000   Code   RO          734    .ARM.Collect$$libinit$$00000015  c_w.l(libinit2.o)
    0x0800019e   0x0800019e   0x00000000   Code   RO          736    .ARM.Collect$$libinit$$00000017  c_w.l(libinit2.o)
    0x0800019e   0x0800019e   0x00000000   Code   RO          738    .ARM.Collect$$libinit$$00000019  c_w.l(libinit2.o)
    0x0800019e   0x0800019e   0x00000000   Code   RO          740    .ARM.Collect$$libinit$$0000001B  c_w.l(libinit2.o)
    0x0800019e   0x0800019e   0x00000000   Code   RO          742    .ARM.Collect$$libinit$$0000001D  c_w.l(libinit2.o)
    0x0800019e   0x0800019e   0x00000000   Code   RO          744    .ARM.Collect$$libinit$$0000001F  c_w.l(libinit2.o)
    0x0800019e   0x0800019e   0x00000000   Code   RO          746    .ARM.Collect$$libinit$$00000021  c_w.l(libinit2.o)
    0x0800019e   0x0800019e   0x00000000   Code   RO          748    .ARM.Collect$$libinit$$00000023  c_w.l(libinit2.o)
    0x0800019e   0x0800019e   0x00000000   Code   RO          750    .ARM.Collect$$libinit$$00000025  c_w.l(libinit2.o)
    0x0800019e   0x0800019e   0x00000000   Code   RO          752    .ARM.Collect$$libinit$$00000027  c_w.l(libinit2.o)
    0x0800019e   0x0800019e   0x00000000   Code   RO          756    .ARM.Collect$$libinit$$0000002E  c_w.l(libinit2.o)
    0x0800019e   0x0800019e   0x00000000   Code   RO          758    .ARM.Collect$$libinit$$00000030  c_w.l(libinit2.o)
    0x0800019e   0x0800019e   0x00000000   Code   RO          760    .ARM.Collect$$libinit$$00000032  c_w.l(libinit2.o)
    0x0800019e   0x0800019e   0x00000000   Code   RO          762    .ARM.Collect$$libinit$$00000034  c_w.l(libinit2.o)
    0x0800019e   0x0800019e   0x00000002   Code   RO          763    .ARM.Collect$$libinit$$00000035  c_w.l(libinit2.o)
    0x080001a0   0x080001a0   0x00000002   Code   RO          785    .ARM.Collect$$libshutdown$$00000000  c_w.l(libshutdown.o)
    0x080001a2   0x080001a2   0x00000000   Code   RO          800    .ARM.Collect$$libshutdown$$00000002  c_w.l(libshutdown2.o)
    0x080001a2   0x080001a2   0x00000000   Code   RO          802    .ARM.Collect$$libshutdown$$00000004  c_w.l(libshutdown2.o)
    0x080001a2   0x080001a2   0x00000000   Code   RO          805    .ARM.Collect$$libshutdown$$00000007  c_w.l(libshutdown2.o)
    0x080001a2   0x080001a2   0x00000000   Code   RO          808    .ARM.Collect$$libshutdown$$0000000A  c_w.l(libshutdown2.o)
    0x080001a2   0x080001a2   0x00000000   Code   RO          810    .ARM.Collect$$libshutdown$$0000000C  c_w.l(libshutdown2.o)
    0x080001a2   0x080001a2   0x00000000   Code   RO          813    .ARM.Collect$$libshutdown$$0000000F  c_w.l(libshutdown2.o)
    0x080001a2   0x080001a2   0x00000002   Code   RO          814    .ARM.Collect$$libshutdown$$00000010  c_w.l(libshutdown2.o)
    0x080001a4   0x080001a4   0x00000000   Code   RO          686    .ARM.Collect$$rtentry$$00000000  c_w.l(__rtentry.o)
    0x080001a4   0x080001a4   0x00000000   Code   RO          688    .ARM.Collect$$rtentry$$00000002  c_w.l(__rtentry2.o)
    0x080001a4   0x080001a4   0x00000006   Code   RO          700    .ARM.Collect$$rtentry$$00000004  c_w.l(__rtentry4.o)
    0x080001aa   0x080001aa   0x00000000   Code   RO          690    .ARM.Collect$$rtentry$$00000009  c_w.l(__rtentry2.o)
    0x080001aa   0x080001aa   0x00000004   Code   RO          691    .ARM.Collect$$rtentry$$0000000A  c_w.l(__rtentry2.o)
    0x080001ae   0x080001ae   0x00000000   Code   RO          693    .ARM.Collect$$rtentry$$0000000C  c_w.l(__rtentry2.o)
    0x080001ae   0x080001ae   0x00000008   Code   RO          694    .ARM.Collect$$rtentry$$0000000D  c_w.l(__rtentry2.o)
    0x080001b6   0x080001b6   0x00000002   Code   RO          715    .ARM.Collect$$rtexit$$00000000  c_w.l(rtexit.o)
    0x080001b8   0x080001b8   0x00000000   Code   RO          765    .ARM.Collect$$rtexit$$00000002  c_w.l(rtexit2.o)
    0x080001b8   0x080001b8   0x00000004   Code   RO          766    .ARM.Collect$$rtexit$$00000003  c_w.l(rtexit2.o)
    0x080001bc   0x080001bc   0x00000006   Code   RO          767    .ARM.Collect$$rtexit$$00000004  c_w.l(rtexit2.o)
    0x080001c2   0x080001c2   0x00000002   PAD
    0x080001c4   0x080001c4   0x00000040   Code   RO          657    .text               startup_apm32f10x_hd.o
    0x08000204   0x08000204   0x00000006   Code   RO          682    .text               c_w.l(heapauxi.o)
    0x0800020a   0x0800020a   0x0000004a   Code   RO          702    .text               c_w.l(sys_stackheap_outer.o)
    0x08000254   0x08000254   0x00000012   Code   RO          704    .text               c_w.l(exit.o)
    0x08000266   0x08000266   0x00000002   PAD
    0x08000268   0x08000268   0x00000008   Code   RO          712    .text               c_w.l(libspace.o)
    0x08000270   0x08000270   0x0000000c   Code   RO          775    .text               c_w.l(sys_exit.o)
    0x0800027c   0x0800027c   0x00000002   Code   RO          790    .text               c_w.l(use_no_semi.o)
    0x0800027e   0x0800027e   0x00000000   Code   RO          792    .text               c_w.l(indicate_semi.o)
    0x0800027e   0x0800027e   0x00000002   PAD
    0x08000280   0x08000280   0x00000022   Code   RO           45    .text.ADS1282_init  adc1282.o
    0x080002a2   0x080002a2   0x00000002   PAD
    0x080002a4   0x080002a4   0x00000014   Code   RO           41    .text.CLK_hith      adc1282.o
    0x080002b8   0x080002b8   0x00000028   Code   RO            2    .text.Delay         main.o
    0x080002e0   0x080002e0   0x0000016c   Code   RO          118    .text.GPIO_Config   apm32f10x_gpio.o
    0x0800044c   0x0800044c   0x000000b2   Code   RO          146    .text.GPIO_ConfigPinRemap  apm32f10x_gpio.o
    0x080004fe   0x080004fe   0x00000002   PAD
    0x08000500   0x08000500   0x00000014   Code   RO          132    .text.GPIO_ResetBit  apm32f10x_gpio.o
    0x08000514   0x08000514   0x00000014   Code   RO          130    .text.GPIO_SetBit   apm32f10x_gpio.o
    0x08000528   0x08000528   0x00000018   Code   RO          242    .text.RCM_EnableAPB2PeriphClock  apm32f10x_rcm.o
    0x08000540   0x08000540   0x00000046   Code   RO          232    .text.RCM_ReadHCLKFreq  apm32f10x_rcm.o
    0x08000586   0x08000586   0x00000002   PAD
    0x08000588   0x08000588   0x0000006c   Code   RO          234    .text.RCM_ReadPCLKFreq  apm32f10x_rcm.o
    0x080005f4   0x080005f4   0x000000b6   Code   RO          230    .text.RCM_ReadSYSCLKFreq  apm32f10x_rcm.o
    0x080006aa   0x080006aa   0x00000002   PAD
    0x080006ac   0x080006ac   0x00000050   Code   RO          286    .text.SPI_Config    apm32f10x_spi.o
    0x080006fc   0x080006fc   0x00000012   Code   RO          294    .text.SPI_Enable    apm32f10x_spi.o
    0x0800070e   0x0800070e   0x00000002   PAD
    0x08000710   0x08000710   0x000000fa   Code   RO          670    .text.SystemClock72M  system_apm32f10x.o
    0x0800080a   0x0800080a   0x00000002   PAD
    0x0800080c   0x0800080c   0x00000008   Code   RO          666    .text.SystemClockConfig  system_apm32f10x.o
    0x08000814   0x08000814   0x00000066   Code   RO          664    .text.SystemInit    system_apm32f10x.o
    0x0800087a   0x0800087a   0x00000002   PAD
    0x0800087c   0x0800087c   0x00000044   Code   RO            8    .text.UART_config   main.o
    0x080008c0   0x080008c0   0x000000ec   Code   RO          570    .text.USART_Config  apm32f10x_usart.o
    0x080009ac   0x080009ac   0x00000012   Code   RO          578    .text.USART_Enable  apm32f10x_usart.o
    0x080009be   0x080009be   0x00000002   PAD
    0x080009c0   0x080009c0   0x00000012   Code   RO          604    .text.USART_EnableRx  apm32f10x_usart.o
    0x080009d2   0x080009d2   0x00000002   PAD
    0x080009d4   0x080009d4   0x00000012   Code   RO          600    .text.USART_EnableTx  apm32f10x_usart.o
    0x080009e6   0x080009e6   0x00000002   PAD
    0x080009e8   0x080009e8   0x000000dc   Code   RO           49    .text.config_ads    adc1282.o
    0x08000ac4   0x08000ac4   0x0000002e   Code   RO            4    .text.init_LED      main.o
    0x08000af2   0x08000af2   0x00000002   PAD
    0x08000af4   0x08000af4   0x0000005c   Code   RO            6    .text.init_UART     main.o
    0x08000b50   0x08000b50   0x000000c4   Code   RO           14    .text.main          main.o
    0x08000c14   0x08000c14   0x00000014   Code   RO           27    .text.nPWDN_hith    adc1282.o
    0x08000c28   0x08000c28   0x00000014   Code   RO           33    .text.nReset_hith   adc1282.o
    0x08000c3c   0x08000c3c   0x00000014   Code   RO           31    .text.nReset_low    adc1282.o
    0x08000c50   0x08000c50   0x0000003a   Code   RO           12    .text.send_str      main.o
    0x08000c8a   0x08000c8a   0x00000002   PAD
    0x08000c8c   0x08000c8c   0x000000a0   Code   RO           43    .text.spi_init      adc1282.o
    0x08000d2c   0x08000d2c   0x00000024   Code   RO           47    .text.spi_tx        adc1282.o
    0x08000d50   0x08000d50   0x00000024   Code   RO           10    .text.uart_tx       main.o
    0x08000d74   0x08000d74   0x0000001d   Data   RO           16    .rodata.str1.1      main.o
    0x08000d91   0x08000d91   0x00000003   PAD
    0x08000d94   0x08000d94   0x00000010   Data   RO          848    Region$$Table       anon$$obj.o


    Execution Region RW_IRAM1 (Exec base: 0x20000000, Load base: 0x08000da4, Size: 0x00000660, Max: 0x00020000, ABSOLUTE)

    Exec Addr    Load Addr    Size         Type   Attr      Idx    E Section Name        Object

    0x20000000        -       0x00000060   Zero   RW          713    .bss                c_w.l(libspace.o)
    0x20000060        -       0x00000200   Zero   RW          655    HEAP                startup_apm32f10x_hd.o
    0x20000260        -       0x00000400   Zero   RW          654    STACK               startup_apm32f10x_hd.o


==============================================================================

Image component sizes


      Code (inc. data)   RO Data    RW Data    ZI Data      Debug   Object Name

       530          0          0          0          0       9801   adc1282.o
       582          0          0          0          0      12781   apm32f10x_gpio.o
       384          0          0          0          0      13653   apm32f10x_rcm.o
        98          0          0          0          0      11345   apm32f10x_spi.o
       290          0          0          0          0      11861   apm32f10x_usart.o
       536          0         29          0          0      12507   main.o
        64         26        324          0       1536        836   startup_apm32f10x_hd.o
       360          0          0          0          0       7679   system_apm32f10x.o

    ----------------------------------------------------------------------
      2868         26        372          0       1536      80463   Object Totals
         0          0         16          0          0          0   (incl. Generated)
        24          0          3          0          0          0   (incl. Padding)

    ----------------------------------------------------------------------

      Code (inc. data)   RO Data    RW Data    ZI Data      Debug   Library Member Name

         8          0          0          0          0         68   __main.o
         0          0          0          0          0          0   __rtentry.o
        12          0          0          0          0          0   __rtentry2.o
         6          0          0          0          0          0   __rtentry4.o
        52          8          0          0          0          0   __scatter.o
        28          0          0          0          0          0   __scatter_zi.o
        18          0          0          0          0         80   exit.o
         6          0          0          0          0        152   heapauxi.o
         0          0          0          0          0          0   indicate_semi.o
         2          0          0          0          0          0   libinit.o
         2          0          0          0          0          0   libinit2.o
         2          0          0          0          0          0   libshutdown.o
         2          0          0          0          0          0   libshutdown2.o
         8          4          0          0         96         68   libspace.o
         2          0          0          0          0          0   rtexit.o
        10          0          0          0          0          0   rtexit2.o
        12          4          0          0          0         68   sys_exit.o
        74          0          0          0          0         80   sys_stackheap_outer.o
         2          0          0          0          0         68   use_no_semi.o

    ----------------------------------------------------------------------
       252         16          0          0         96        584   Library Totals
         6          0          0          0          0          0   (incl. Padding)

    ----------------------------------------------------------------------

      Code (inc. data)   RO Data    RW Data    ZI Data      Debug   Library Name

       246         16          0          0         96        584   c_w.l

    ----------------------------------------------------------------------
       252         16          0          0         96        584   Library Totals

    ----------------------------------------------------------------------

==============================================================================


      Code (inc. data)   RO Data    RW Data    ZI Data      Debug   

      3120         42        372          0       1632      80751   Grand Totals
      3120         42        372          0       1632      80751   ELF Image Totals
      3120         42        372          0          0          0   ROM Totals

==============================================================================

    Total RO  Size (Code + RO Data)                 3492 (   3.41kB)
    Total RW  Size (RW Data + ZI Data)              1632 (   1.59kB)
    Total ROM Size (Code + RO Data + RW Data)       3492 (   3.41kB)

==============================================================================

